Component: ARM Compiler 5.06 update 1 (build 61) Tool: armlink [4d35a8]

==============================================================================

Section Cross References

    startup_stm32f407xx.o(RESET) refers to startup_stm32f407xx.o(STACK) for __initial_sp
    startup_stm32f407xx.o(RESET) refers to startup_stm32f407xx.o(.text) for Reset_Handler
    startup_stm32f407xx.o(RESET) refers to stm32f4xx_it.o(i.NMI_Handler) for NMI_Handler
    startup_stm32f407xx.o(RESET) refers to stm32f4xx_it.o(i.HardFault_Handler) for HardFault_Handler
    startup_stm32f407xx.o(RESET) refers to stm32f4xx_it.o(i.MemManage_Handler) for MemManage_Handler
    startup_stm32f407xx.o(RESET) refers to stm32f4xx_it.o(i.BusFault_Handler) for BusFault_Handler
    startup_stm32f407xx.o(RESET) refers to stm32f4xx_it.o(i.UsageFault_Handler) for UsageFault_Handler
    startup_stm32f407xx.o(RESET) refers to port.o(.emb_text) for SVC_Handler
    startup_stm32f407xx.o(RESET) refers to stm32f4xx_it.o(i.DebugMon_Handler) for DebugMon_Handler
    startup_stm32f407xx.o(RESET) refers to stm32f4xx_it.o(i.SysTick_Handler) for SysTick_Handler
    startup_stm32f407xx.o(RESET) refers to stm32f4xx_it.o(i.EXTI0_IRQHandler) for EXTI0_IRQHandler
    startup_stm32f407xx.o(RESET) refers to stm32f4xx_it.o(i.EXTI3_IRQHandler) for EXTI3_IRQHandler
    startup_stm32f407xx.o(RESET) refers to stm32f4xx_it.o(i.EXTI4_IRQHandler) for EXTI4_IRQHandler
    startup_stm32f407xx.o(RESET) refers to stm32f4xx_it.o(i.DMA1_Stream1_IRQHandler) for DMA1_Stream1_IRQHandler
    startup_stm32f407xx.o(RESET) refers to stm32f4xx_it.o(i.CAN1_RX0_IRQHandler) for CAN1_RX0_IRQHandler
    startup_stm32f407xx.o(RESET) refers to stm32f4xx_it.o(i.EXTI9_5_IRQHandler) for EXTI9_5_IRQHandler
    startup_stm32f407xx.o(RESET) refers to stm32f4xx_it.o(i.TIM2_IRQHandler) for TIM2_IRQHandler
    startup_stm32f407xx.o(RESET) refers to stm32f4xx_it.o(i.TIM3_IRQHandler) for TIM3_IRQHandler
    startup_stm32f407xx.o(RESET) refers to main.o(i.USART1_IRQHandler) for USART1_IRQHandler
    startup_stm32f407xx.o(RESET) refers to remote_control.o(i.USART3_IRQHandler) for USART3_IRQHandler
    startup_stm32f407xx.o(RESET) refers to ins_task.o(i.DMA2_Stream2_IRQHandler) for DMA2_Stream2_IRQHandler
    startup_stm32f407xx.o(RESET) refers to stm32f4xx_it.o(i.CAN2_RX0_IRQHandler) for CAN2_RX0_IRQHandler
    startup_stm32f407xx.o(RESET) refers to main.o(i.USART6_IRQHandler) for USART6_IRQHandler
    startup_stm32f407xx.o(.text) refers to system_stm32f4xx.o(i.SystemInit) for SystemInit
    startup_stm32f407xx.o(.text) refers to entry.o(.ARM.Collect$$$$00000000) for __main
    main.o(i.CAP_SEND) refers to stm32f4xx_hal_uart.o(i.HAL_UART_Transmit) for HAL_UART_Transmit
    main.o(i.CAP_SEND) refers to usart.o(.bss) for huart1
    main.o(i.HAL_TIM_PeriodElapsedCallback) refers to ins_task.o(i.GYRO_SIX_AXIS) for GYRO_SIX_AXIS
    main.o(i.HAL_TIM_PeriodElapsedCallback) refers to stm32f4xx_hal_gpio.o(i.HAL_GPIO_TogglePin) for HAL_GPIO_TogglePin
    main.o(i.HAL_TIM_PeriodElapsedCallback) refers to level_control.o(i.LEVEL_CONTROL) for LEVEL_CONTROL
    main.o(i.HAL_TIM_PeriodElapsedCallback) refers to shoot_task.o(i.Shoot_Task) for Shoot_Task
    main.o(i.HAL_TIM_PeriodElapsedCallback) refers to gimbal.o(i.GIMBAL_TASK) for GIMBAL_TASK
    main.o(i.HAL_TIM_PeriodElapsedCallback) refers to chassis_task.o(i.Chassis_task) for Chassis_task
    main.o(i.HAL_TIM_PeriodElapsedCallback) refers to tim.o(.bss) for htim3
    main.o(i.HAL_TIM_PeriodElapsedCallback) refers to main.o(.bss) for htim2_count
    main.o(i.SystemClock_Config) refers to memseta.o(.text) for __aeabi_memclr4
    main.o(i.SystemClock_Config) refers to stm32f4xx_hal_rcc.o(i.HAL_RCC_OscConfig) for HAL_RCC_OscConfig
    main.o(i.SystemClock_Config) refers to main.o(i.Error_Handler) for Error_Handler
    main.o(i.SystemClock_Config) refers to stm32f4xx_hal_rcc.o(i.HAL_RCC_ClockConfig) for HAL_RCC_ClockConfig
    main.o(i.USART1_IRQHandler) refers to usart.o(.bss) for huart1
    main.o(i.USART1_IRQHandler) refers to main.o(.data) for count
    main.o(i.USART1_IRQHandler) refers to main.o(.bss) for GimbalRxBuffer
    main.o(i.USART6_IRQHandler) refers to usart.o(.bss) for huart6
    main.o(i.main) refers to stm32f4xx_hal.o(i.HAL_Init) for HAL_Init
    main.o(i.main) refers to main.o(i.SystemClock_Config) for SystemClock_Config
    main.o(i.main) refers to gpio.o(i.MX_GPIO_Init) for MX_GPIO_Init
    main.o(i.main) refers to spi.o(i.MX_SPI1_Init) for MX_SPI1_Init
    main.o(i.main) refers to tim.o(i.MX_TIM5_Init) for MX_TIM5_Init
    main.o(i.main) refers to i2c.o(i.MX_I2C3_Init) for MX_I2C3_Init
    main.o(i.main) refers to tim.o(i.MX_TIM10_Init) for MX_TIM10_Init
    main.o(i.main) refers to usart.o(i.MX_USART1_UART_Init) for MX_USART1_UART_Init
    main.o(i.main) refers to dma.o(i.MX_DMA_Init) for MX_DMA_Init
    main.o(i.main) refers to tim.o(i.MX_TIM3_Init) for MX_TIM3_Init
    main.o(i.main) refers to can.o(i.MX_CAN1_Init) for MX_CAN1_Init
[...]
    uxSchedulerSuspended                     0x200001ec   Data           4  tasks.o(.data)
    .data                                    0x200001f0   Section       12  port.o(.data)
    ucMaxSysCallPriority                     0x200001f0   Data           1  port.o(.data)
    uxCriticalNesting                        0x200001f4   Data           4  port.o(.data)
    ulMaxPRIGROUPValue                       0x200001f8   Data           4  port.o(.data)
    .data                                    0x200001fc   Section        4  stdout.o(.data)
    .data                                    0x20000200   Section        4  errno.o(.data)
    _errno                                   0x20000200   Data           4  errno.o(.data)
    .bss                                     0x20000204   Section      116  main.o(.bss)
    htim2_count                              0x20000268   Data          16  main.o(.bss)
    .bss                                     0x20000278   Section       80  can.o(.bss)
    .bss                                     0x200002c8   Section       84  i2c.o(.bss)
    .bss                                     0x2000031c   Section      280  spi.o(.bss)
    .bss                                     0x20000434   Section      320  tim.o(.bss)
    .bss                                     0x20000574   Section      288  usart.o(.bss)
    .bss                                     0x20000694   Section      164  ins_task.o(.bss)
    imu_temp_pid                             0x200006d4   Data          72  ins_task.o(.bss)
    .bss                                     0x20000738   Section      220  can_receive.o(.bss)
    motor_chassis                            0x20000738   Data          70  can_receive.o(.bss)
    gimbal_tx_message                        0x20000780   Data          24  can_receive.o(.bss)
    chassis_tx_message                       0x20000798   Data          24  can_receive.o(.bss)
    .bss                                     0x20000814   Section      540  detect_task.o(.bss)
    .bss                                     0x20000a30   Section       94  remote_control.o(.bss)
    sbus_rx_buf                              0x20000a46   Data          72  remote_control.o(.bss)
    .bss                                     0x20000a90   Section      264  chassis_task.o(.bss)
    .bss                                     0x20000b98   Section      264  gimbal.o(.bss)
    .bss                                     0x20000ca0   Section      176  shoot_task.o(.bss)
    .bss                                     0x20000d50   Section      240  tasks.o(.bss)
    pxReadyTasksLists                        0x20000d50   Data         140  tasks.o(.bss)
    xDelayedTaskList1                        0x20000ddc   Data          20  tasks.o(.bss)
    xDelayedTaskList2                        0x20000df0   Data          20  tasks.o(.bss)
    xPendingReadyList                        0x20000e04   Data          20  tasks.o(.bss)
    xTasksWaitingTermination                 0x20000e18   Data          20  tasks.o(.bss)
    xSuspendedTaskList                       0x20000e2c   Data          20  tasks.o(.bss)
    STACK                                    0x20000e40   Section     8192  startup_stm32f407xx.o(STACK)

    Global Symbols

    Symbol Name                              Value     Ov Type        Size  Object(Section)

    BuildAttributes$$THM_ISAv4$E$P$D$K$B$S$7EM$VFPi3$EXTD16$VFPS$VFMA$PE$A:L22UL41UL21$X:L11$S22US41US21$IEEE1$IW$USESV6$~STKCKD$USESV7$~SHL$OTIME$ROPI$IEEEX$EBA8$MICROLIB$REQ8$PRES8$EABIv2 0x00000000   Number         0  anon$$obj.o ABSOLUTE
    __ARM_use_no_argv                        0x00000000   Number         0  main.o ABSOLUTE
    _printf_a                                0x00000000   Number         0  stubs.o ABSOLUTE
    _printf_c                                0x00000000   Number         0  stubs.o ABSOLUTE
    _printf_charcount                        0x00000000   Number         0  stubs.o ABSOLUTE
    _printf_d                                0x00000000   Number         0  stubs.o ABSOLUTE
    _printf_e                                0x00000000   Number         0  stubs.o ABSOLUTE
    _printf_f                                0x00000000   Number         0  stubs.o ABSOLUTE
    _printf_flags                            0x00000000   Number         0  stubs.o ABSOLUTE
    _printf_fp_dec                           0x00000000   Number         0  stubs.o ABSOLUTE
    _printf_fp_hex                           0x00000000   Number         0  stubs.o ABSOLUTE
    _printf_g                                0x00000000   Number         0  stubs.o ABSOLUTE
    _printf_i                                0x00000000   Number         0  stubs.o ABSOLUTE
    _printf_int_dec                          0x00000000   Number         0  stubs.o ABSOLUTE
    _printf_l                                0x00000000   Number         0  stubs.o ABSOLUTE
    _printf_lc                               0x00000000   Number         0  stubs.o ABSOLUTE
    _printf_ll                               0x00000000   Number         0  stubs.o ABSOLUTE
    _printf_lld                              0x00000000   Number         0  stubs.o ABSOLUTE
    _printf_lli                              0x00000000   Number         0  stubs.o ABSOLUTE
    _printf_llo                              0x00000000   Number         0  stubs.o ABSOLUTE
    _printf_llu                              0x00000000   Number         0  stubs.o ABSOLUTE
    _printf_llx                              0x00000000   Number         0  stubs.o ABSOLUTE
    _printf_longlong_dec                     0x00000000   Number         0  stubs.o ABSOLUTE
    _printf_longlong_hex                     0x00000000   Number         0  stubs.o ABSOLUTE
    _printf_longlong_oct                     0x00000000   Number         0  stubs.o ABSOLUTE
    _printf_ls                               0x00000000   Number         0  stubs.o ABSOLUTE
    _printf_mbtowc                           0x00000000   Number         0  stubs.o ABSOLUTE
    _printf_n                                0x00000000   Number         0  stubs.o ABSOLUTE
    _printf_o                                0x00000000   Number         0  stubs.o ABSOLUTE
    _printf_p                                0x00000000   Number         0  stubs.o ABSOLUTE
    _printf_percent                          0x00000000   Number         0  stubs.o ABSOLUTE
    _printf_pre_padding                      0x00000000   Number         0  stubs.o ABSOLUTE
    _printf_return_value                     0x00000000   Number         0  stubs.o ABSOLUTE
    _printf_s                                0x00000000   Number         0  stubs.o ABSOLUTE
    _printf_sizespec                         0x00000000   Number         0  stubs.o ABSOLUTE
    _printf_str                              0x00000000   Number         0  stubs.o ABSOLUTE
    _printf_truncate_signed                  0x00000000   Number         0  stubs.o ABSOLUTE
    _printf_truncate_unsigned                0x00000000   Number         0  stubs.o ABSOLUTE
    _printf_u                                0x00000000   Number         0  stubs.o ABSOLUTE
    _printf_wc                               0x00000000   Number         0  stubs.o ABSOLUTE
    _printf_wctomb                           0x00000000   Number         0  stubs.o ABSOLUTE
    _printf_widthprec                        0x00000000   Number         0  stubs.o ABSOLUTE
    _printf_x                                0x00000000   Number         0  stubs.o ABSOLUTE
    __cpp_initialize__aeabi_                  - Undefined Weak Reference
    __cxa_finalize                            - Undefined Weak Reference
    _clock_init                               - Undefined Weak Reference
    _microlib_exit                            - Undefined Weak Reference
    __Vectors_Size                           0x00000188   Number         0  startup_stm32f407xx.o ABSOLUTE
    __Vectors                                0x08000000   Data           4  startup_stm32f407xx.o(RESET)
    __Vectors_End                            0x08000188   Data           0  startup_stm32f407xx.o(RESET)
    __main                                   0x08000189   Thumb Code     0  entry.o(.ARM.Collect$$$$00000000)
    _main_stk                                0x08000189   Thumb Code     0  entry2.o(.ARM.Collect$$$$00000001)
    _main_scatterload                        0x0800018d   Thumb Code     0  entry5.o(.ARM.Collect$$$$00000004)
    __main_after_scatterload                 0x08000191   Thumb Code     0  entry5.o(.ARM.Collect$$$$00000004)
    _main_clock                              0x08000191   Thumb Code     0  entry7b.o(.ARM.Collect$$$$00000008)
    _main_cpp_init                           0x08000191   Thumb Code     0  entry8b.o(.ARM.Collect$$$$0000000A)
    _main_init                               0x08000191   Thumb Code     0  entry9a.o(.ARM.Collect$$$$0000000B)
    __rt_final_cpp                           0x08000199   Thumb Code     0  entry10a.o(.ARM.Collect$$$$0000000D)
    __rt_final_exit                          0x08000199   Thumb Code     0  entry11a.o(.ARM.Collect$$$$0000000F)
    SVC_Handler                              0x0800019d   Thumb Code    28  port.o(.emb_text)
    __asm___6_port_c_39a90d8d__prvStartFirstTask 0x080001bd   Thumb Code    36  port.o(.emb_text)
    __asm___6_port_c_39a90d8d__prvEnableVFP  0x080001e5   Thumb Code    16  port.o(.emb_text)
    PendSV_Handler                           0x080001f9   Thumb Code    88  port.o(.emb_text)
    vPortGetIPSR                             0x08000255   Thumb Code     6  port.o(.emb_text)
    Reset_Handler                            0x0800025d   Thumb Code     8  startup_stm32f407xx.o(.text)
    ADC_IRQHandler                           0x08000277   Thumb Code     0  startup_stm32f407xx.o(.text)
    CAN1_RX1_IRQHandler                      0x08000277   Thumb Code     0  startup_stm32f407xx.o(.text)
    CAN1_SCE_IRQHandler                      0x08000277   Thumb Code     0  startup_stm32f407xx.o(.text)
    CAN1_TX_IRQHandler                       0x08000277   Thumb Code     0  startup_stm32f407xx.o(.text)
    CAN2_RX1_IRQHandler                      0x08000277   Thumb Code     0  startup_stm32f407xx.o(.text)
    CAN2_SCE_IRQHandler                      0x08000277   Thumb Code     0  startup_stm32f407xx.o(.text)
    CAN2_TX_IRQHandler                       0x08000277   Thumb Code     0  startup_stm32f407xx.o(.text)
    DCMI_IRQHandler                          0x08000277   Thumb Code     0  startup_stm32f407xx.o(.text)
    DMA1_Stream0_IRQHandler                  0x08000277   Thumb Code     0  startup_stm32f407xx.o(.text)
    DMA1_Stream2_IRQHandler                  0x08000277   Thumb Code     0  startup_stm32f407xx.o(.text)
    DMA1_Stream3_IRQHandler                  0x08000277   Thumb Code     0  startup_stm32f407xx.o(.text)
    DMA1_Stream4_IRQHandler                  0x08000277   Thumb Code     0  startup_stm32f407xx.o(.text)
    DMA1_Stream5_IRQHandler                  0x08000277   Thumb Code     0  startup_stm32f407xx.o(.text)
    DMA1_Stream6_IRQHandler                  0x08000277   Thumb Code     0  startup_stm32f407xx.o(.text)
    DMA1_Stream7_IRQHandler                  0x08000277   Thumb Code     0  startup_stm32f407xx.o(.text)
    DMA2_Stream0_IRQHandler                  0x08000277   Thumb Code     0  startup_stm32f407xx.o(.text)
    DMA2_Stream1_IRQHandler                  0x08000277   Thumb Code     0  startup_stm32f407xx.o(.text)
    DMA2_Stream3_IRQHandler                  0x08000277   Thumb Code     0  startup_stm32f407xx.o(.text)
    DMA2_Stream4_IRQHandler                  0x08000277   Thumb Code     0  startup_stm32f407xx.o(.text)
    DMA2_Stream5_IRQHandler                  0x08000277   Thumb Code     0  startup_stm32f407xx.o(.text)
    DMA2_Stream6_IRQHandler                  0x08000277   Thumb Code     0  startup_stm32f407xx.o(.text)
    DMA2_Stream7_IRQHandler                  0x08000277   Thumb Code     0  startup_stm32f407xx.o(.text)
    ETH_IRQHandler                           0x08000277   Thumb Code     0  startup_stm32f407xx.o(.text)
    ETH_WKUP_IRQHandler                      0x08000277   Thumb Code     0  startup_stm32f407xx.o(.text)
    EXTI15_10_IRQHandler                     0x08000277   Thumb Code     0  startup_stm32f407xx.o(.text)
    EXTI1_IRQHandler                         0x08000277   Thumb Code     0  startup_stm32f407xx.o(.text)
    EXTI2_IRQHandler                         0x08000277   Thumb Code     0  startup_stm32f407xx.o(.text)
    FLASH_IRQHandler                         0x08000277   Thumb Code     0  startup_stm32f407xx.o(.text)
    FMC_IRQHandler                           0x08000277   Thumb Code     0  startup_stm32f407xx.o(.text)
    FPU_IRQHandler                           0x08000277   Thumb Code     0  startup_stm32f407xx.o(.text)
    HASH_RNG_IRQHandler                      0x08000277   Thumb Code     0  startup_stm32f407xx.o(.text)
    I2C1_ER_IRQHandler                       0x08000277   Thumb Code     0  startup_stm32f407xx.o(.text)
    I2C1_EV_IRQHandler                       0x08000277   Thumb Code     0  startup_stm32f407xx.o(.text)
    I2C2_ER_IRQHandler                       0x08000277   Thumb Code     0  startup_stm32f407xx.o(.text)
    I2C2_EV_IRQHandler                       0x08000277   Thumb Code     0  startup_stm32f407xx.o(.text)
    I2C3_ER_IRQHandler                       0x08000277   Thumb Code     0  startup_stm32f407xx.o(.text)
    I2C3_EV_IRQHandler                       0x08000277   Thumb Code     0  startup_stm32f407xx.o(.text)
    OTG_FS_IRQHandler                        0x08000277   Thumb Code     0  startup_stm32f407xx.o(.text)
    OTG_FS_WKUP_IRQHandler                   0x08000277   Thumb Code     0  startup_stm32f407xx.o(.text)
    OTG_HS_EP1_IN_IRQHandler                 0x08000277   Thumb Code     0  startup_stm32f407xx.o(.text)
    OTG_HS_EP1_OUT_IRQHandler                0x08000277   Thumb Code     0  startup_stm32f407xx.o(.text)
    OTG_HS_IRQHandler                        0x08000277   Thumb Code     0  startup_stm32f407xx.o(.text)
    OTG_HS_WKUP_IRQHandler                   0x08000277   Thumb Code     0  startup_stm32f407xx.o(.text)
    PVD_IRQHandler                           0x08000277   Thumb Code     0  startup_stm32f407xx.o(.text)
    RCC_IRQHandler                           0x08000277   Thumb Code     0  startup_stm32f407xx.o(.text)
    RTC_Alarm_IRQHandler                     0x08000277   Thumb Code     0  startup_stm32f407xx.o(.text)
    RTC_WKUP_IRQHandler                      0x08000277   Thumb Code     0  startup_stm32f407xx.o(.text)
    SDIO_IRQHandler                          0x08000277   Thumb Code     0  startup_stm32f407xx.o(.text)
    SPI1_IRQHandler                          0x08000277   Thumb Code     0  startup_stm32f407xx.o(.text)
    SPI2_IRQHandler                          0x08000277   Thumb Code     0  startup_stm32f407xx.o(.text)
    SPI3_IRQHandler                          0x08000277   Thumb Code     0  startup_stm32f407xx.o(.text)
    TAMP_STAMP_IRQHandler                    0x08000277   Thumb Code     0  startup_stm32f407xx.o(.text)
    TIM1_BRK_TIM9_IRQHandler                 0x08000277   Thumb Code     0  startup_stm32f407xx.o(.text)
    TIM1_CC_IRQHandler                       0x08000277   Thumb Code     0  startup_stm32f407xx.o(.text)
    TIM1_TRG_COM_TIM11_IRQHandler            0x08000277   Thumb Code     0  startup_stm32f407xx.o(.text)
    TIM1_UP_TIM10_IRQHandler                 0x08000277   Thumb Code     0  startup_stm32f407xx.o(.text)
    TIM4_IRQHandler                          0x08000277   Thumb Code     0  startup_stm32f407xx.o(.text)
    TIM5_IRQHandler                          0x08000277   Thumb Code     0  startup_stm32f407xx.o(.text)
    TIM6_DAC_IRQHandler                      0x08000277   Thumb Code     0  startup_stm32f407xx.o(.text)
    TIM7_IRQHandler                          0x08000277   Thumb Code     0  startup_stm32f407xx.o(.text)
    TIM8_BRK_TIM12_IRQHandler                0x08000277   Thumb Code     0  startup_stm32f407xx.o(.text)
    TIM8_CC_IRQHandler                       0x08000277   Thumb Code     0  startup_stm32f407xx.o(.text)
    TIM8_TRG_COM_TIM14_IRQHandler            0x08000277   Thumb Code     0  startup_stm32f407xx.o(.text)
    TIM8_UP_TIM13_IRQHandler                 0x08000277   Thumb Code     0  startup_stm32f407xx.o(.text)
    UART4_IRQHandler                         0x08000277   Thumb Code     0  startup_stm32f407xx.o(.text)
    UART5_IRQHandler                         0x08000277   Thumb Code     0  startup_stm32f407xx.o(.text)
    USART2_IRQHandler                        0x08000277   Thumb Code     0  startup_stm32f407xx.o(.text)
    WWDG_IRQHandler                          0x08000277   Thumb Code     0  startup_stm32f407xx.o(.text)
    __aeabi_uldivmod                         0x08000281   Thumb Code    98  uldiv.o(.text)
    __aeabi_memcpy                           0x080002e3   Thumb Code    36  memcpya.o(.text)
    __aeabi_memcpy4                          0x080002e3   Thumb Code     0  memcpya.o(.text)
    __aeabi_memcpy8                          0x080002e3   Thumb Code     0  memcpya.o(.text)
    __aeabi_memset                           0x08000307   Thumb Code    14  memseta.o(.text)
    __aeabi_memset4                          0x08000307   Thumb Code     0  memseta.o(.text)
    __aeabi_memset8                          0x08000307   Thumb Code     0  memseta.o(.text)
    __aeabi_memclr                           0x08000315   Thumb Code     4  memseta.o(.text)
    __aeabi_memclr4                          0x08000315   Thumb Code     0  memseta.o(.text)
    __aeabi_memclr8                          0x08000315   Thumb Code     0  memseta.o(.text)
    memset                                   0x08000319   Thumb Code    18  memseta.o(.text)
    __aeabi_dadd                             0x0800032b   Thumb Code   322  dadd.o(.text)
    __aeabi_dsub                             0x0800046d   Thumb Code     6  dadd.o(.text)
    __aeabi_drsub                            0x08000473   Thumb Code     6  dadd.o(.text)
    __aeabi_dmul                             0x08000479   Thumb Code   228  dmul.o(.text)
    __aeabi_i2d                              0x0800055d   Thumb Code    34  dflti.o(.text)
    __aeabi_d2iz                             0x0800057f   Thumb Code    62  dfixi.o(.text)
    __aeabi_uidiv                            0x080005bd   Thumb Code     0  uidiv.o(.text)
    __aeabi_uidivmod                         0x080005bd   Thumb Code    44  uidiv.o(.text)
    __aeabi_llsl                             0x080005e9   Thumb Code    30  llshl.o(.text)
    _ll_shift_l                              0x080005e9   Thumb Code     0  llshl.o(.text)
    __aeabi_llsr                             0x08000607   Thumb Code    32  llushr.o(.text)
    _ll_ushift_r                             0x08000607   Thumb Code     0  llushr.o(.text)
    __aeabi_lasr                             0x08000627   Thumb Code    36  llsshr.o(.text)
    _ll_sshift_r                             0x08000627   Thumb Code     0  llsshr.o(.text)
    __I$use$fp                               0x0800064b   Thumb Code     0  iusefp.o(.text)
    _double_round                            0x0800064b   Thumb Code    30  depilogue.o(.text)
    _double_epilogue                         0x08000669   Thumb Code   156  depilogue.o(.text)
    __aeabi_ddiv                             0x08000705   Thumb Code   222  ddiv.o(.text)
    __aeabi_d2ulz                            0x080007e3   Thumb Code    48  dfixul.o(.text)
    __aeabi_cdrcmple                         0x08000815   Thumb Code    48  cdrcmple.o(.text)
    __scatterload                            0x08000845   Thumb Code    28  init.o(.text)
    __scatterload_rt2                        0x08000845   Thumb Code     0  init.o(.text)
    __decompress                             0x08000869   Thumb Code     0  __dczerorl2.o(.text)
    __decompress1                            0x08000869   Thumb Code    86  __dczerorl2.o(.text)
    AHRS_init                                0x080008c1   Thumb Code    34  ins_task.o(i.AHRS_init)
    AHRS_update                              0x080008e9   Thumb Code    82  ins_task.o(i.AHRS_update)
    BMI088_ACCEL_NS_H                        0x0800093d   Thumb Code    14  bmi088middleware.o(i.BMI088_ACCEL_NS_H)
    BMI088_ACCEL_NS_L                        0x08000951   Thumb Code    14  bmi088middleware.o(i.BMI088_ACCEL_NS_L)
    BMI088_GPIO_init                         0x08000965   Thumb Code     2  bmi088middleware.o(i.BMI088_GPIO_init)
    BMI088_GYRO_NS_H                         0x08000969   Thumb Code    14  bmi088middleware.o(i.BMI088_GYRO_NS_H)
    BMI088_GYRO_NS_L                         0x0800097d   Thumb Code    14  bmi088middleware.o(i.BMI088_GYRO_NS_L)
    BMI088_com_init                          0x08000991   Thumb Code     2  bmi088middleware.o(i.BMI088_com_init)
    BMI088_delay_ms                          0x08000993   Thumb Code    12  bmi088middleware.o(i.BMI088_delay_ms)
    BMI088_delay_us                          0x0800099f   Thumb Code    12  bmi088middleware.o(i.BMI088_delay_us)
    BMI088_init                              0x080009ab   Thumb Code    52  bmi088driver.o(i.BMI088_init)
    BMI088_read                              0x080009e1   Thumb Code   372  bmi088driver.o(i.BMI088_read)
    BMI088_read_write_byte                   0x08000b9d   Thumb Code    28  bmi088middleware.o(i.BMI088_read_write_byte)
    BusFault_Handler                         0x08000bd1   Thumb Code     4  stm32f4xx_it.o(i.BusFault_Handler)
    CAN1_RX0_IRQHandler                      0x08000bd5   Thumb Code    10  stm32f4xx_it.o(i.CAN1_RX0_IRQHandler)
    CAN2_RX0_IRQHandler                      0x08000be5   Thumb Code    10  stm32f4xx_it.o(i.CAN2_RX0_IRQHandler)
    CAN2_cmd_gimbal                          0x08000bf5   Thumb Code    60  can_receive.o(i.CAN2_cmd_gimbal)
    CAN2_cmd_shoot                           0x08000c3d   Thumb Code    68  can_receive.o(i.CAN2_cmd_shoot)
    CAN_cmd_chassis                          0x08000c8d   Thumb Code    68  can_receive.o(i.CAN_cmd_chassis)
    CAN_cmd_gimbal                           0x08000cdd   Thumb Code    66  can_receive.o(i.CAN_cmd_gimbal)
    CAP_SEND                                 0x08000d2d   Thumb Code    42  main.o(i.CAP_SEND)
    Chaiss_PID_Init                          0x08000d5d   Thumb Code   126  chassis_task.o(i.Chaiss_PID_Init)
    ChassisMove                              0x08000ded   Thumb Code   236  chassis_task.o(i.ChassisMove)
    Chassis_Follow                           0x08000ee9   Thumb Code    44  chassis_task.o(i.Chassis_Follow)
    Chassis_Follow_PID                       0x08000f21   Thumb Code   126  pid.o(i.Chassis_Follow_PID)
    Chassis_task                             0x08000fa1   Thumb Code    74  chassis_task.o(i.Chassis_task)
    DATA_CONTINUE                            0x08001005   Thumb Code   280  ins_task.o(i.DATA_CONTINUE)
    DMA1_Stream1_IRQHandler                  0x08001145   Thumb Code    10  stm32f4xx_it.o(i.DMA1_Stream1_IRQHandler)
    DMA2_Stream2_IRQHandler                  0x08001155   Thumb Code  2182  ins_task.o(i.DMA2_Stream2_IRQHandler)
    DebugMon_Handler                         0x08001acb   Thumb Code     2  stm32f4xx_it.o(i.DebugMon_Handler)
    EXTI0_IRQHandler                         0x08001acd   Thumb Code    10  stm32f4xx_it.o(i.EXTI0_IRQHandler)
    EXTI3_IRQHandler                         0x08001ad7   Thumb Code    10  stm32f4xx_it.o(i.EXTI3_IRQHandler)
    EXTI4_IRQHandler                         0x08001ae1   Thumb Code    10  stm32f4xx_it.o(i.EXTI4_IRQHandler)
    EXTI9_5_IRQHandler                       0x08001aeb   Thumb Code    10  stm32f4xx_it.o(i.EXTI9_5_IRQHandler)
    Error_Handler                            0x08001af5   Thumb Code     2  main.o(i.Error_Handler)
    Filter_one                               0x08001af9   Thumb Code    56  chassis_task.o(i.Filter_one)
    Front_control                            0x08001b35   Thumb Code    48  shoot_task.o(i.Front_control)
    GIMBAL_TASK                              0x08001b71   Thumb Code    80  gimbal.o(i.GIMBAL_TASK)
    GYRO_SIX_AXIS                            0x08001bdd   Thumb Code   144  ins_task.o(i.GYRO_SIX_AXIS)
    GYRO_SIX_AXIS_Init                       0x08001c95   Thumb Code   108  ins_task.o(i.GYRO_SIX_AXIS_Init)
    Gimbal_Angel_handle                      0x08001d3d   Thumb Code   184  gimbal.o(i.Gimbal_Angel_handle)
    Gimbal_remote                            0x08001e15   Thumb Code   128  gimbal.o(i.Gimbal_remote)
    HAL_CAN_ActivateNotification             0x08001ea9   Thumb Code    42  stm32f4xx_hal_can.o(i.HAL_CAN_ActivateNotification)
    HAL_CAN_AddTxMessage                     0x08001ed3   Thumb Code   342  stm32f4xx_hal_can.o(i.HAL_CAN_AddTxMessage)
    HAL_CAN_ConfigFilter                     0x08002029   Thumb Code   286  stm32f4xx_hal_can.o(i.HAL_CAN_ConfigFilter)
    HAL_CAN_ErrorCallback                    0x0800214d   Thumb Code     2  stm32f4xx_hal_can.o(i.HAL_CAN_ErrorCallback)
    HAL_CAN_GetRxMessage                     0x0800214f   Thumb Code   380  stm32f4xx_hal_can.o(i.HAL_CAN_GetRxMessage)
    HAL_CAN_IRQHandler                       0x080022cb   Thumb Code   590  stm32f4xx_hal_can.o(i.HAL_CAN_IRQHandler)
    HAL_CAN_Init                             0x08002519   Thumb Code   372  stm32f4xx_hal_can.o(i.HAL_CAN_Init)
    HAL_CAN_MspInit                          0x0800268d   Thumb Code   328  can.o(i.HAL_CAN_MspInit)
    HAL_CAN_RxFifo0FullCallback              0x080027ed   Thumb Code     2  stm32f4xx_hal_can.o(i.HAL_CAN_RxFifo0FullCallback)
    HAL_CAN_RxFifo0MsgPendingCallback        0x080027f1   Thumb Code   778  can_receive.o(i.HAL_CAN_RxFifo0MsgPendingCallback)
    HAL_CAN_RxFifo1FullCallback              0x08002b29   Thumb Code     2  stm32f4xx_hal_can.o(i.HAL_CAN_RxFifo1FullCallback)
    HAL_CAN_RxFifo1MsgPendingCallback        0x08002b2b   Thumb Code     2  stm32f4xx_hal_can.o(i.HAL_CAN_RxFifo1MsgPendingCallback)
    HAL_CAN_SleepCallback                    0x08002b2d   Thumb Code     2  stm32f4xx_hal_can.o(i.HAL_CAN_SleepCallback)
    HAL_CAN_Start                            0x08002b2f   Thumb Code    94  stm32f4xx_hal_can.o(i.HAL_CAN_Start)
    HAL_CAN_TxMailbox0AbortCallback          0x08002b8d   Thumb Code     2  stm32f4xx_hal_can.o(i.HAL_CAN_TxMailbox0AbortCallback)
    HAL_CAN_TxMailbox0CompleteCallback       0x08002b8f   Thumb Code     2  stm32f4xx_hal_can.o(i.HAL_CAN_TxMailbox0CompleteCallback)
    HAL_CAN_TxMailbox1AbortCallback          0x08002b91   Thumb Code     2  stm32f4xx_hal_can.o(i.HAL_CAN_TxMailbox1AbortCallback)
    HAL_CAN_TxMailbox1CompleteCallback       0x08002b93   Thumb Code     2  stm32f4xx_hal_can.o(i.HAL_CAN_TxMailbox1CompleteCallback)
    HAL_CAN_TxMailbox2AbortCallback          0x08002b95   Thumb Code     2  stm32f4xx_hal_can.o(i.HAL_CAN_TxMailbox2AbortCallback)
    HAL_CAN_TxMailbox2CompleteCallback       0x08002b97   Thumb Code     2  stm32f4xx_hal_can.o(i.HAL_CAN_TxMailbox2CompleteCallback)
    HAL_CAN_WakeUpFromRxMsgCallback          0x08002b99   Thumb Code     2  stm32f4xx_hal_can.o(i.HAL_CAN_WakeUpFromRxMsgCallback)
    HAL_DMA_IRQHandler                       0x08002b9d   Thumb Code   570  stm32f4xx_hal_dma.o(i.HAL_DMA_IRQHandler)
    HAL_DMA_Init                             0x08002ddd   Thumb Code   232  stm32f4xx_hal_dma.o(i.HAL_DMA_Init)
    HAL_Delay                                0x08002ec9   Thumb Code    36  stm32f4xx_hal.o(i.HAL_Delay)
    HAL_GPIO_EXTI_Callback                   0x08002ef1   Thumb Code   174  ins_task.o(i.HAL_GPIO_EXTI_Callback)
    HAL_GPIO_EXTI_IRQHandler                 0x08002fc5   Thumb Code    24  stm32f4xx_hal_gpio.o(i.HAL_GPIO_EXTI_IRQHandler)
    HAL_GPIO_Init                            0x08002fe1   Thumb Code   466  stm32f4xx_hal_gpio.o(i.HAL_GPIO_Init)
    HAL_GPIO_TogglePin                       0x080031e1   Thumb Code    18  stm32f4xx_hal_gpio.o(i.HAL_GPIO_TogglePin)
    HAL_GPIO_WritePin                        0x080031f3   Thumb Code    12  stm32f4xx_hal_gpio.o(i.HAL_GPIO_WritePin)
    HAL_GetTick                              0x08003201   Thumb Code     6  stm32f4xx_hal.o(i.HAL_GetTick)
    HAL_I2C_Init                             0x0800320d   Thumb Code   422  stm32f4xx_hal_i2c.o(i.HAL_I2C_Init)
    HAL_I2C_Mem_Read                         0x080033c5   Thumb Code   744  stm32f4xx_hal_i2c.o(i.HAL_I2C_Mem_Read)
    HAL_I2C_MspInit                          0x080036b9   Thumb Code   182  i2c.o(i.HAL_I2C_MspInit)
    HAL_IncTick                              0x08003781   Thumb Code    16  stm32f4xx_hal.o(i.HAL_IncTick)
    HAL_Init                                 0x08003799   Thumb Code    54  stm32f4xx_hal.o(i.HAL_Init)
    HAL_InitTick                             0x080037d5   Thumb Code    64  stm32f4xx_hal.o(i.HAL_InitTick)
    HAL_MspInit                              0x08003821   Thumb Code    78  stm32f4xx_hal_msp.o(i.HAL_MspInit)
    HAL_NVIC_EnableIRQ                       0x08003875   Thumb Code    32  stm32f4xx_hal_cortex.o(i.HAL_NVIC_EnableIRQ)
    HAL_NVIC_SetPriority                     0x08003895   Thumb Code   124  stm32f4xx_hal_cortex.o(i.HAL_NVIC_SetPriority)
    HAL_NVIC_SetPriorityGrouping             0x08003911   Thumb Code    32  stm32f4xx_hal_cortex.o(i.HAL_NVIC_SetPriorityGrouping)
    HAL_RCC_ClockConfig                      0x08003939   Thumb Code   366  stm32f4xx_hal_rcc.o(i.HAL_RCC_ClockConfig)
    HAL_RCC_GetHCLKFreq                      0x08003ab9   Thumb Code     6  stm32f4xx_hal_rcc.o(i.HAL_RCC_GetHCLKFreq)
    HAL_RCC_GetPCLK1Freq                     0x08003ac5   Thumb Code    22  stm32f4xx_hal_rcc.o(i.HAL_RCC_GetPCLK1Freq)
    HAL_RCC_GetPCLK2Freq                     0x08003ae5   Thumb Code    22  stm32f4xx_hal_rcc.o(i.HAL_RCC_GetPCLK2Freq)
    HAL_RCC_GetSysClockFreq                  0x08003b05   Thumb Code   162  stm32f4xx_hal_rcc.o(i.HAL_RCC_GetSysClockFreq)
    HAL_RCC_OscConfig                        0x08003bb5   Thumb Code  1086  stm32f4xx_hal_rcc.o(i.HAL_RCC_OscConfig)
    HAL_SPI_Init                             0x08003ffd   Thumb Code   140  stm32f4xx_hal_spi.o(i.HAL_SPI_Init)
    HAL_SPI_MspInit                          0x08004089   Thumb Code   316  spi.o(i.HAL_SPI_MspInit)
    HAL_SPI_TransmitReceive                  0x080041e1   Thumb Code   554  stm32f4xx_hal_spi.o(i.HAL_SPI_TransmitReceive)
    HAL_SYSTICK_Config                       0x0800440b   Thumb Code    52  stm32f4xx_hal_cortex.o(i.HAL_SYSTICK_Config)
    HAL_TIMEx_BreakCallback                  0x0800443f   Thumb Code     2  stm32f4xx_hal_tim_ex.o(i.HAL_TIMEx_BreakCallback)
    HAL_TIMEx_CommutCallback                 0x08004441   Thumb Code     2  stm32f4xx_hal_tim_ex.o(i.HAL_TIMEx_CommutCallback)
    HAL_TIMEx_MasterConfigSynchronization    0x08004443   Thumb Code    84  stm32f4xx_hal_tim_ex.o(i.HAL_TIMEx_MasterConfigSynchronization)
    HAL_TIM_Base_Init                        0x08004497   Thumb Code    52  stm32f4xx_hal_tim.o(i.HAL_TIM_Base_Init)
    HAL_TIM_Base_MspInit                     0x080044cd   Thumb Code   246  tim.o(i.HAL_TIM_Base_MspInit)
    HAL_TIM_Base_Start                       0x080045d9   Thumb Code    42  stm32f4xx_hal_tim.o(i.HAL_TIM_Base_Start)
    HAL_TIM_Base_Start_IT                    0x08004603   Thumb Code    42  stm32f4xx_hal_tim.o(i.HAL_TIM_Base_Start_IT)
    HAL_TIM_ConfigClockSource                0x0800462d   Thumb Code   264  stm32f4xx_hal_tim.o(i.HAL_TIM_ConfigClockSource)
    HAL_TIM_IC_CaptureCallback               0x08004735   Thumb Code     2  stm32f4xx_hal_tim.o(i.HAL_TIM_IC_CaptureCallback)
    HAL_TIM_IRQHandler                       0x08004737   Thumb Code   406  stm32f4xx_hal_tim.o(i.HAL_TIM_IRQHandler)
    HAL_TIM_MspPostInit                      0x080048cd   Thumb Code   170  tim.o(i.HAL_TIM_MspPostInit)
    HAL_TIM_OC_DelayElapsedCallback          0x08004991   Thumb Code     2  stm32f4xx_hal_tim.o(i.HAL_TIM_OC_DelayElapsedCallback)
    HAL_TIM_PWM_ConfigChannel                0x08004993   Thumb Code   264  stm32f4xx_hal_tim.o(i.HAL_TIM_PWM_ConfigChannel)
    HAL_TIM_PWM_Init                         0x08004a9b   Thumb Code    52  stm32f4xx_hal_tim.o(i.HAL_TIM_PWM_Init)
    HAL_TIM_PWM_MspInit                      0x08004acf   Thumb Code     2  stm32f4xx_hal_tim.o(i.HAL_TIM_PWM_MspInit)
    HAL_TIM_PWM_PulseFinishedCallback        0x08004ad1   Thumb Code     2  stm32f4xx_hal_tim.o(i.HAL_TIM_PWM_PulseFinishedCallback)
    HAL_TIM_PWM_Start                        0x08004ad5   Thumb Code    80  stm32f4xx_hal_tim.o(i.HAL_TIM_PWM_Start)
    HAL_TIM_PeriodElapsedCallback            0x08004b2d   Thumb Code    94  main.o(i.HAL_TIM_PeriodElapsedCallback)
    HAL_TIM_TriggerCallback                  0x08004b9d   Thumb Code     2  stm32f4xx_hal_tim.o(i.HAL_TIM_TriggerCallback)
    HAL_UART_Init                            0x08004b9f   Thumb Code   114  stm32f4xx_hal_uart.o(i.HAL_UART_Init)
    HAL_UART_MspInit                         0x08004c11   Thumb Code   514  usart.o(i.HAL_UART_MspInit)
    HAL_UART_Transmit                        0x08004e3d   Thumb Code   214  stm32f4xx_hal_uart.o(i.HAL_UART_Transmit)
    HardFault_Handler                        0x08004f13   Thumb Code     4  stm32f4xx_it.o(i.HardFault_Handler)
    KM_MODE_CONTROL                          0x080052b5   Thumb Code   212  chassis_task.o(i.KM_MODE_CONTROL)
    LEVEL_CONTROL                            0x080053ad   Thumb Code   134  level_control.o(i.LEVEL_CONTROL)
    LIMIT_3508                               0x08005449   Thumb Code    28  chassis_task.o(i.LIMIT_3508)
    MX_CAN1_Init                             0x08005465   Thumb Code    58  can.o(i.MX_CAN1_Init)
    MX_CAN2_Init                             0x080054a9   Thumb Code    58  can.o(i.MX_CAN2_Init)
    MX_DMA_Init                              0x080054ed   Thumb Code   114  dma.o(i.MX_DMA_Init)
    MX_GPIO_Init                             0x08005565   Thumb Code   460  gpio.o(i.MX_GPIO_Init)
    MX_I2C3_Init                             0x0800574d   Thumb Code    48  i2c.o(i.MX_I2C3_Init)
    MX_SPI1_Init                             0x08005789   Thumb Code    62  spi.o(i.MX_SPI1_Init)
    MX_TIM10_Init                            0x080057d1   Thumb Code   100  tim.o(i.MX_TIM10_Init)
    MX_TIM2_Init                             0x0800583d   Thumb Code   102  tim.o(i.MX_TIM2_Init)
    MX_TIM3_Init                             0x080058a9   Thumb Code   102  tim.o(i.MX_TIM3_Init)
    MX_TIM4_Init                             0x08005919   Thumb Code   154  tim.o(i.MX_TIM4_Init)
    MX_TIM5_Init                             0x080059bd   Thumb Code   100  tim.o(i.MX_TIM5_Init)
    MX_USART1_UART_Init                      0x08005a29   Thumb Code    46  usart.o(i.MX_USART1_UART_Init)
    MX_USART3_UART_Init                      0x08005a61   Thumb Code    48  usart.o(i.MX_USART3_UART_Init)
    MX_USART6_UART_Init                      0x08005a9d   Thumb Code    46  usart.o(i.MX_USART6_UART_Init)
    MahonyAHRSupdateIMU                      0x08005ad5   Thumb Code   730  mahonyahrs.o(i.MahonyAHRSupdateIMU)
    MemManage_Handler                        0x08005dd1   Thumb Code     4  stm32f4xx_it.o(i.MemManage_Handler)
    NMI_Handler                              0x08005dd5   Thumb Code     2  stm32f4xx_it.o(i.NMI_Handler)
    PID_3508_Chassis                         0x08005dd9   Thumb Code   128  pid.o(i.PID_3508_Chassis)
    PID_GIMBAL_ANGEL                         0x08005e5d   Thumb Code   126  pid.o(i.PID_GIMBAL_ANGEL)
    PID_GIMBAL_SPEED                         0x08005edd   Thumb Code   128  pid.o(i.PID_GIMBAL_SPEED)
    PID_PITCH_GIMBAL_DUO                     0x08005f61   Thumb Code   248  gimbal.o(i.PID_PITCH_GIMBAL_DUO)
    PID_YAW_GIMBAL_DUO                       0x0800607d   Thumb Code   248  gimbal.o(i.PID_YAW_GIMBAL_DUO)
    PID_init                                 0x0800619d   Thumb Code    92  pid.o(i.PID_init)
    POWER_LIMIT                              0x080061fd   Thumb Code   170  chassis_task.o(i.POWER_LIMIT)
    POWER_LIMIT_BEHAVE                       0x080062b9   Thumb Code    14  chassis_task.o(i.POWER_LIMIT_BEHAVE)
    RC_Init                                  0x080062c9   Thumb Code   142  bsp_rc.o(i.RC_Init)
    RC_TO_CHAISS                             0x08006365   Thumb Code   112  chassis_task.o(i.RC_TO_CHAISS)
    SPI1_DMA_enable                          0x080063f1   Thumb Code 10024  bsp_spi.o(i.SPI1_DMA_enable)
    SPI1_DMA_init                            0x08008b2d   Thumb Code   360  bsp_spi.o(i.SPI1_DMA_init)
    Shoot_Init                               0x08008dc1   Thumb Code   116  shoot_task.o(i.Shoot_Init)
    Shoot_Task                               0x08008e59   Thumb Code   106  shoot_task.o(i.Shoot_Task)
    Shoot_caculate                           0x08008ef1   Thumb Code    76  shoot_task.o(i.Shoot_caculate)
    Shoot_remote_control                     0x08008f55   Thumb Code    22  shoot_task.o(i.Shoot_remote_control)
    SysTick_Handler                          0x08008f6b   Thumb Code    20  stm32f4xx_it.o(i.SysTick_Handler)
    SystemClock_Config                       0x08008f81   Thumb Code   170  main.o(i.SystemClock_Config)
    SystemInit                               0x08009035   Thumb Code    82  system_stm32f4xx.o(i.SystemInit)
    TIM2_IRQHandler                          0x08009099   Thumb Code    10  stm32f4xx_it.o(i.TIM2_IRQHandler)
    TIM3_IRQHandler                          0x080090a9   Thumb Code    10  stm32f4xx_it.o(i.TIM3_IRQHandler)
    TIM_Base_SetConfig                       0x080090b9   Thumb Code   170  stm32f4xx_hal_tim.o(i.TIM_Base_SetConfig)
    TIM_CCxChannelCmd                        0x08009191   Thumb Code    34  stm32f4xx_hal_tim.o(i.TIM_CCxChannelCmd)
    TIM_ETR_SetConfig                        0x080091b3   Thumb Code    22  stm32f4xx_hal_tim.o(i.TIM_ETR_SetConfig)
    TIM_OC2_SetConfig                        0x0800924d   Thumb Code   114  stm32f4xx_hal_tim.o(i.TIM_OC2_SetConfig)
    Trigger_control                          0x080093e5   Thumb Code    48  shoot_task.o(i.Trigger_control)
    USART1_IRQHandler                        0x080097f5   Thumb Code   212  main.o(i.USART1_IRQHandler)
    USART3_IRQHandler                        0x080098f1   Thumb Code   276  remote_control.o(i.USART3_IRQHandler)
    USART6_IRQHandler                        0x08009a21   Thumb Code    26  main.o(i.USART6_IRQHandler)
    UsageFault_Handler                       0x08009a41   Thumb Code     4  stm32f4xx_it.o(i.UsageFault_Handler)
    __0printf                                0x08009a45   Thumb Code    22  printfa.o(i.__0printf)
    __1printf                                0x08009a45   Thumb Code     0  printfa.o(i.__0printf)
    __2printf                                0x08009a45   Thumb Code     0  printfa.o(i.__0printf)
    __c89printf                              0x08009a45   Thumb Code     0  printfa.o(i.__0printf)
    printf                                   0x08009a45   Thumb Code     0  printfa.o(i.__0printf)
    __ARM_fpclassifyf                        0x08009a65   Thumb Code    38  fpclassifyf.o(i.__ARM_fpclassifyf)
    __hardfp_asinf                           0x08009ac5   Thumb Code   258  asinf.o(i.__hardfp_asinf)
    __hardfp_atan2f                          0x08009bf1   Thumb Code   502  atan2f.o(i.__hardfp_atan2f)
    __mathlib_flt_infnan                     0x08009e41   Thumb Code     6  funder.o(i.__mathlib_flt_infnan)
    __mathlib_flt_infnan2                    0x08009e47   Thumb Code     6  funder.o(i.__mathlib_flt_infnan2)
    __mathlib_flt_invalid                    0x08009e4d   Thumb Code    10  funder.o(i.__mathlib_flt_invalid)
    __mathlib_flt_underflow                  0x08009e5d   Thumb Code    10  funder.o(i.__mathlib_flt_underflow)
    __scatterload_copy                       0x08009e6d   Thumb Code    14  handlers.o(i.__scatterload_copy)
    __scatterload_null                       0x08009e7b   Thumb Code     2  handlers.o(i.__scatterload_null)
    __scatterload_zeroinit                   0x08009e7d   Thumb Code    14  handlers.o(i.__scatterload_zeroinit)
    __set_errno                              0x08009e8d   Thumb Code     6  errno.o(i.__set_errno)
    bmi088_accel_init                        0x0800a72d   Thumb Code   302  bmi088driver.o(i.bmi088_accel_init)
    bmi088_accel_self_test                   0x0800a861   Thumb Code   766  bmi088driver.o(i.bmi088_accel_self_test)
    bmi088_gyro_init                         0x0800ab75   Thumb Code   238  bmi088driver.o(i.bmi088_gyro_init)
    bmi088_gyro_self_test                    0x0800ac69   Thumb Code   208  bmi088driver.o(i.bmi088_gyro_self_test)
    buzzer_off                               0x0800ad39   Thumb Code    10  buzzer.o(i.buzzer_off)
    buzzer_on                                0x0800ad49   Thumb Code    14  buzzer.o(i.buzzer_on)
    buzzer_start                             0x0800ad5d   Thumb Code    50  buzzer.o(i.buzzer_start)
    can_filter_init                          0x0800ad91   Thumb Code    84  can_receive.o(i.can_filter_init)
    delay_init                               0x0800aded   Thumb Code    32  bsp_delay.o(i.delay_init)
    delay_us                                 0x0800ae1d   Thumb Code    76  bsp_delay.o(i.delay_us)
    detect_hook                              0x0800ae6d   Thumb Code   288  detect_task.o(i.detect_hook)
    fputc                                    0x0800af91   Thumb Code    26  usart.o(i.fputc)
    get_angle                                0x0800afb1   Thumb Code   220  ins_task.o(i.get_angle)
    gimbal_cali                              0x0800b08d   Thumb Code    34  gimbal.o(i.gimbal_cali)
    gimbal_init                              0x0800b0c1   Thumb Code    60  gimbal.o(i.gimbal_init)
    gimbal_pid_init                          0x0800b115   Thumb Code   160  gimbal.o(i.gimbal_pid_init)
    invSqrt                                  0x0800b38d   Thumb Code    56  mahonyahrs.o(i.invSqrt)
    ist8310_IIC_read_muli_reg                0x0800b3c9   Thumb Code    30  ist8310driver_middleware.o(i.ist8310_IIC_read_muli_reg)
    ist8310_read_mag                         0x0800b3ed   Thumb Code   136  ist8310driver.o(i.ist8310_read_mag)
    main                                     0x0800b479   Thumb Code   220  main.o(i.main)
    remote_control_init                      0x0800b615   Thumb Code    58  remote_control.o(i.remote_control_init)
    sqrtf                                    0x0800b737   Thumb Code    62  sqrtf.o(i.sqrtf)
    uxListRemove                             0x0800b775   Thumb Code    38  list.o(i.uxListRemove)
    vListInsertEnd                           0x0800b79b   Thumb Code    24  list.o(i.vListInsertEnd)
    vPortValidateInterruptPriority           0x0800b7b5   Thumb Code    74  port.o(i.vPortValidateInterruptPriority)
    vTaskNotifyGiveFromISR                   0x0800b809   Thumb Code   178  tasks.o(i.vTaskNotifyGiveFromISR)
    vTaskSwitchContext                       0x0800b8c9   Thumb Code    86  tasks.o(i.vTaskSwitchContext)
    xPortSysTickHandler                      0x0800b929   Thumb Code    38  port.o(i.xPortSysTickHandler)
    xTaskGetSchedulerState                   0x0800b955   Thumb Code    24  tasks.o(i.xTaskGetSchedulerState)
    xTaskGetTickCount                        0x0800b971   Thumb Code     6  tasks.o(i.xTaskGetTickCount)
    xTaskIncrementTick                       0x0800b97d   Thumb Code   200  tasks.o(i.xTaskIncrementTick)
    AHBPrescTable                            0x0800ba54   Data          16  system_stm32f4xx.o(.constdata)
    APBPrescTable                            0x0800ba64   Data           8  system_stm32f4xx.o(.constdata)
    Region$$Table$$Base                      0x0800ba8c   Number         0  anon$$obj.o(Region$$Table)
    Region$$Table$$Limit                     0x0800baac   Number         0  anon$$obj.o(Region$$Table)
    aRxBuffer1                               0x20000000   Data           1  main.o(.data)
    aRxBuffer2                               0x20000001   Data           1  main.o(.data)
    flag_cap                                 0x20000004   Data           4  main.o(.data)
    count                                    0x20000008   Data           4  main.o(.data)
    V                                        0x2000000c   Data           4  main.o(.data)
    goal                                     0x20000010   Data           4  main.o(.data)
    fire                                     0x20000014   Data           4  main.o(.data)
    yaw_f                                    0x20000018   Data           4  main.o(.data)
    yaw_angel                                0x2000001c   Data           4  main.o(.data)
    pitch_f                                  0x20000020   Data           4  main.o(.data)
    pitch_angel                              0x20000024   Data           4  main.o(.data)
    uwTick                                   0x2000002c   Data           4  stm32f4xx_hal.o(.data)
    uwTickPrio                               0x20000030   Data           4  stm32f4xx_hal.o(.data)
    uwTickFreq                               0x20000034   Data           1  stm32f4xx_hal.o(.data)
    SystemCoreClock                          0x20000038   Data           4  system_stm32f4xx.o(.data)
    gyro_dma_rx_buf                          0x20000048   Data           8  ins_task.o(.data)
    gyro_dma_tx_buf                          0x20000050   Data           8  ins_task.o(.data)
    accel_dma_tx_buf                         0x20000058   Data           9  ins_task.o(.data)
    accel_temp_dma_rx_buf                    0x20000061   Data           4  ins_task.o(.data)
    accel_temp_dma_tx_buf                    0x20000065   Data           4  ins_task.o(.data)
    gyro_update_flag                         0x20000069   Data           1  ins_task.o(.data)
    accel_update_flag                        0x2000006a   Data           1  ins_task.o(.data)
    accel_temp_update_flag                   0x2000006b   Data           1  ins_task.o(.data)
    mag_update_flag                          0x2000006c   Data           1  ins_task.o(.data)
    imu_start_dma_flag                       0x2000006d   Data           1  ins_task.o(.data)
    YAW                                      0x20000070   Data           4  ins_task.o(.data)
    PITCH                                    0x20000074   Data           4  ins_task.o(.data)
    ROLL                                     0x20000078   Data           4  ins_task.o(.data)
    YAW_CTNU                                 0x2000007c   Data           4  ins_task.o(.data)
    PITCH_CTNU                               0x20000080   Data           4  ins_task.o(.data)
    SPEED_X                                  0x200000b0   Data           4  chassis_task.o(.data)
    SPEED_Y                                  0x200000b4   Data           4  chassis_task.o(.data)
    SPEED_W_Z                                0x200000b8   Data           4  chassis_task.o(.data)
    POWER_INITIAL                            0x200000bc   Data           4  chassis_task.o(.data)
    POWER_POWER_FIRST                        0x200000c0   Data          12  chassis_task.o(.data)
    POWER_HP_RFIRST                          0x200000cc   Data          12  chassis_task.o(.data)
    Power_Buffer                             0x200000d8   Data           4  chassis_task.o(.data)
    Capacity_Voltage                         0x200000dc   Data           4  chassis_task.o(.data)
    Power_judge                              0x200000e0   Data           4  chassis_task.o(.data)
    CHASSIS_SPEED_X_MAX                      0x200000e4   Data           4  chassis_task.o(.data)
    CHASSIS_SPEED_Y_MAX                      0x200000e8   Data           4  chassis_task.o(.data)
    CHASSIS_SPEED_W_Z_MAX                    0x200000ec   Data           4  chassis_task.o(.data)
    FILTER_A                                 0x200000f0   Data           4  chassis_task.o(.data)
    key_test                                 0x200000f4   Data           4  chassis_task.o(.data)
    Hoare_Switch                             0x200000f8   Data           4  gimbal.o(.data)
    Manual_Switch                            0x200000fc   Data           4  gimbal.o(.data)
    Gimbal_Init_Encoder_Value                0x20000100   Data           4  gimbal.o(.data)
    GIMBAL_CONTROL_MODE                      0x20000104   Data           4  gimbal.o(.data)
    GIMBAL_YAW_Initial                       0x20000108   Data           4  gimbal.o(.data)
    p_speed                                  0x2000010c   Data           4  gimbal.o(.data)
    i_speed                                  0x20000110   Data           4  gimbal.o(.data)
    d_speed                                  0x20000114   Data           4  gimbal.o(.data)
    p_angel                                  0x20000118   Data           4  gimbal.o(.data)
    i_angel                                  0x2000011c   Data           4  gimbal.o(.data)
    d_angel                                  0x20000120   Data           4  gimbal.o(.data)
    YAW_remote                               0x20000124   Data           4  gimbal.o(.data)
    PITCH_remote                             0x20000128   Data           4  gimbal.o(.data)
    YAW_ANGEL                                0x2000012c   Data           4  gimbal.o(.data)
    PITCH_ANGEL                              0x20000130   Data           4  gimbal.o(.data)
    YAW_CURRENT                              0x20000134   Data           4  gimbal.o(.data)
    PITCH_CURRENT                            0x20000138   Data           4  gimbal.o(.data)
    SPEED_LEFT                               0x2000014c   Data           4  shoot_task.o(.data)
    SPEED_RIGHT                              0x20000150   Data           4  shoot_task.o(.data)
    P                                        0x20000154   Data           4  shoot_task.o(.data)
    I                                        0x20000158   Data           4  shoot_task.o(.data)
    D                                        0x2000015c   Data           4  shoot_task.o(.data)
    speed_t                                  0x20000160   Data           4  shoot_task.o(.data)
    SHOT_LEFT_CURRENT                        0x20000164   Data           4  shoot_task.o(.data)
    SHOT_RIGHT_CURRENT                       0x20000168   Data           4  shoot_task.o(.data)
    Trigger_Current                          0x2000016c   Data           4  shoot_task.o(.data)
    Front_Current                            0x20000170   Data           4  shoot_task.o(.data)
    twoKp                                    0x20000174   Data           4  mahonyahrs.o(.data)
    twoKi                                    0x20000178   Data           4  mahonyahrs.o(.data)
    integralFBx                              0x2000017c   Data           4  mahonyahrs.o(.data)
    integralFBy                              0x20000180   Data           4  mahonyahrs.o(.data)
    integralFBz                              0x20000184   Data           4  mahonyahrs.o(.data)
    BMI088_ACCEL_SEN                         0x20000188   Data           4  bmi088driver.o(.data)
    BMI088_GYRO_SEN                          0x2000018c   Data           4  bmi088driver.o(.data)
    pxCurrentTCB                             0x200001b4   Data           4  tasks.o(.data)
    __stdout                                 0x200001fc   Data           4  stdout.o(.data)
    CAP_DATA                                 0x20000204   Data          20  main.o(.bss)
    GimbalRxBuffer                           0x20000218   Data          50  main.o(.bss)
    GimbalRealBuf                            0x2000024c   Data          28  main.o(.bss)
    hcan1                                    0x20000278   Data          40  can.o(.bss)
    hcan2                                    0x200002a0   Data          40  can.o(.bss)
    hi2c3                                    0x200002c8   Data          84  i2c.o(.bss)
    hspi1                                    0x2000031c   Data          88  spi.o(.bss)
    hdma_spi1_rx                             0x20000374   Data          96  spi.o(.bss)
    hdma_spi1_tx                             0x200003d4   Data          96  spi.o(.bss)
    htim2                                    0x20000434   Data          64  tim.o(.bss)
    htim3                                    0x20000474   Data          64  tim.o(.bss)
    htim4                                    0x200004b4   Data          64  tim.o(.bss)
    htim5                                    0x200004f4   Data          64  tim.o(.bss)
    htim10                                   0x20000534   Data          64  tim.o(.bss)
    huart1                                   0x20000574   Data          64  usart.o(.bss)
    huart3                                   0x200005b4   Data          64  usart.o(.bss)
    huart6                                   0x200005f4   Data          64  usart.o(.bss)
    hdma_usart3_rx                           0x20000634   Data          96  usart.o(.bss)
    accel_dma_rx_buf                         0x20000694   Data           9  ins_task.o(.bss)
    bmi088_real_data                         0x200006a0   Data          36  ins_task.o(.bss)
    ist8310_real_data                        0x200006c4   Data          16  ins_task.o(.bss)
    INS_quat                                 0x2000071c   Data          16  ins_task.o(.bss)
    INS_angle                                0x2000072c   Data          12  ins_task.o(.bss)
    YAW_6020_DATA                            0x200007b0   Data          10  can_receive.o(.bss)
    PITCH_6020_DATA                          0x200007ba   Data          10  can_receive.o(.bss)
    SHOOT_MOTOR_LEFT                         0x200007c4   Data          10  can_receive.o(.bss)
    SHOOT_MOTOR_RIGHT                        0x200007ce   Data          10  can_receive.o(.bss)
    TRRIGLE_MOTOR_RIGHT                      0x200007d8   Data          10  can_receive.o(.bss)
    FRONT_MOTOR                              0x200007e2   Data          10  can_receive.o(.bss)
    M3508_Receive                            0x200007ec   Data          40  can_receive.o(.bss)
    error_list                               0x20000814   Data         540  detect_task.o(.bss)
    rc_ctrl                                  0x20000a30   Data          22  remote_control.o(.bss)
    Chassis_3508                             0x20000a90   Data         176  chassis_task.o(.bss)
    WheelSpeed                               0x20000b40   Data          16  chassis_task.o(.bss)
    Chassis_3508_Current                     0x20000b50   Data          16  chassis_task.o(.bss)
    Filter_value                             0x20000b60   Data          12  chassis_task.o(.bss)
    CHASSIS_PID_FOLLOW                       0x20000b6c   Data          44  chassis_task.o(.bss)
    GIMBLE_PID_YAW_Speed                     0x20000b98   Data          44  gimbal.o(.bss)
    GIMBLE_PID_YAW_Angel_6020                0x20000bc4   Data          44  gimbal.o(.bss)
    GIMBLE_PID_YAW_Angel_Gyro                0x20000bf0   Data          44  gimbal.o(.bss)
    GIMBLE_PID_PITCH_Speed                   0x20000c1c   Data          44  gimbal.o(.bss)
    GIMBLE_PID_PITCH_Angel_6020              0x20000c48   Data          44  gimbal.o(.bss)
    GIMBLE_PID_PITCH_Angel_Gyro              0x20000c74   Data          44  gimbal.o(.bss)
    SHOOT_PID_LEFT                           0x20000ca0   Data          44  shoot_task.o(.bss)
    SHOOT_PID_RIGHT                          0x20000ccc   Data          44  shoot_task.o(.bss)
    FRONT_PID                                0x20000cf8   Data          44  shoot_task.o(.bss)
    TRIGGER_PID                              0x20000d24   Data          44  shoot_task.o(.bss)
    __initial_sp                             0x20002e40   Data           0  startup_stm32f407xx.o(STACK)



==============================================================================

Memory Map of the image

  Image Entry point : 0x08000189

  Load Region LR_IROM1 (Base: 0x08000000, Size: 0x0000bcb0, Max: 0x00100000, ABSOLUTE, COMPRESSED[0x0000bb24])

    Execution Region ER_IROM1 (Base: 0x08000000, Size: 0x0000baac, Max: 0x00100000, ABSOLUTE)

    Base Addr    Size         Type   Attr      Idx    E Section Name        Object

    0x08000000   0x00000188   Data   RO            3    RESET               startup_stm32f407xx.o
    0x08000188   0x00000000   Code   RO         7348  * .ARM.Collect$$$$00000000  mc_w.l(entry.o)
    0x08000188   0x00000004   Code   RO         7664    .ARM.Collect$$$$00000001  mc_w.l(entry2.o)
    0x0800018c   0x00000004   Code   RO         7667    .ARM.Collect$$$$00000004  mc_w.l(entry5.o)
    0x08000190   0x00000000   Code   RO         7669    .ARM.Collect$$$$00000008  mc_w.l(entry7b.o)
    0x08000190   0x00000000   Code   RO         7671    .ARM.Collect$$$$0000000A  mc_w.l(entry8b.o)
    0x08000190   0x00000008   Code   RO         7672    .ARM.Collect$$$$0000000B  mc_w.l(entry9a.o)
    0x08000198   0x00000000   Code   RO         7674    .ARM.Collect$$$$0000000D  mc_w.l(entry10a.o)
    0x08000198   0x00000000   Code   RO         7676    .ARM.Collect$$$$0000000F  mc_w.l(entry11a.o)
    0x08000198   0x00000004   Code   RO         7665    .ARM.Collect$$$$00002712  mc_w.l(entry2.o)
    0x0800019c   0x000000be   Code   RO         7235    .emb_text           port.o
    0x0800025a   0x00000002   PAD
    0x0800025c   0x00000024   Code   RO            4    .text               startup_stm32f407xx.o
    0x08000280   0x00000062   Code   RO         7351    .text               mc_w.l(uldiv.o)
    0x080002e2   0x00000024   Code   RO         7353    .text               mc_w.l(memcpya.o)
    0x08000306   0x00000024   Code   RO         7357    .text               mc_w.l(memseta.o)
    0x0800032a   0x0000014e   Code   RO         7624    .text               mf_w.l(dadd.o)
    0x08000478   0x000000e4   Code   RO         7626    .text               mf_w.l(dmul.o)
    0x0800055c   0x00000022   Code   RO         7628    .text               mf_w.l(dflti.o)
    0x0800057e   0x0000003e   Code   RO         7630    .text               mf_w.l(dfixi.o)
    0x080005bc   0x0000002c   Code   RO         7679    .text               mc_w.l(uidiv.o)
    0x080005e8   0x0000001e   Code   RO         7681    .text               mc_w.l(llshl.o)
    0x08000606   0x00000020   Code   RO         7683    .text               mc_w.l(llushr.o)
    0x08000626   0x00000024   Code   RO         7685    .text               mc_w.l(llsshr.o)
    0x0800064a   0x00000000   Code   RO         7694    .text               mc_w.l(iusefp.o)
    0x0800064a   0x000000ba   Code   RO         7697    .text               mf_w.l(depilogue.o)
    0x08000704   0x000000de   Code   RO         7699    .text               mf_w.l(ddiv.o)
    0x080007e2   0x00000030   Code   RO         7703    .text               mf_w.l(dfixul.o)
    0x08000812   0x00000002   PAD
    0x08000814   0x00000030   Code   RO         7707    .text               mf_w.l(cdrcmple.o)
    0x08000844   0x00000024   Code   RO         7709    .text               mc_w.l(init.o)
    0x08000868   0x00000056   Code   RO         7719    .text               mc_w.l(__dczerorl2.o)
    0x080008be   0x00000002   PAD
    0x080008c0   0x00000028   Code   RO         4620    i.AHRS_init         ins_task.o
    0x080008e8   0x00000052   Code   RO         4621    i.AHRS_update       ins_task.o
    0x0800093a   0x00000002   PAD
    0x0800093c   0x00000014   Code   RO         5639    i.BMI088_ACCEL_NS_H  bmi088middleware.o
    0x08000950   0x00000014   Code   RO         5640    i.BMI088_ACCEL_NS_L  bmi088middleware.o
    0x08000964   0x00000002   Code   RO         5641    i.BMI088_GPIO_init  bmi088middleware.o
    0x08000966   0x00000002   PAD
    0x08000968   0x00000014   Code   RO         5642    i.BMI088_GYRO_NS_H  bmi088middleware.o
    0x0800097c   0x00000014   Code   RO         5643    i.BMI088_GYRO_NS_L  bmi088middleware.o
    0x08000990   0x00000002   Code   RO         5644    i.BMI088_com_init   bmi088middleware.o
    0x08000992   0x0000000c   Code   RO         5645    i.BMI088_delay_ms   bmi088middleware.o
    0x0800099e   0x0000000c   Code   RO         5646    i.BMI088_delay_us   bmi088middleware.o
    0x080009aa   0x00000034   Code   RO         5505    i.BMI088_init       bmi088driver.o
    0x080009de   0x00000002   PAD
    0x080009e0   0x0000017c   Code   RO         5506    i.BMI088_read       bmi088driver.o
    0x08000b5c   0x00000026   Code   RO         5509    i.BMI088_read_muli_reg  bmi088driver.o
    0x08000b82   0x00000018   Code   RO         5510    i.BMI088_read_single_reg  bmi088driver.o
    0x08000b9a   0x00000002   PAD
    0x08000b9c   0x00000020   Code   RO         5647    i.BMI088_read_write_byte  bmi088middleware.o
    0x08000bbc   0x00000014   Code   RO         5512    i.BMI088_write_single_reg  bmi088driver.o
    0x08000bd0   0x00000004   Code   RO          697    i.BusFault_Handler  stm32f4xx_it.o
    0x08000bd4   0x00000010   Code   RO          698    i.CAN1_RX0_IRQHandler  stm32f4xx_it.o
    0x08000be4   0x00000010   Code   RO          699    i.CAN2_RX0_IRQHandler  stm32f4xx_it.o
    0x08000bf4   0x00000048   Code   RO         4826    i.CAN2_cmd_gimbal   can_receive.o
    0x08000c3c   0x00000050   Code   RO         4827    i.CAN2_cmd_shoot    can_receive.o
    0x08000c8c   0x00000050   Code   RO         4829    i.CAN_cmd_chassis   can_receive.o
    0x08000cdc   0x00000050   Code   RO         4831    i.CAN_cmd_gimbal    can_receive.o
    0x08000d2c   0x00000030   Code   RO           13    i.CAP_SEND          main.o
    0x08000d5c   0x00000090   Code   RO         5042    i.Chaiss_PID_Init   chassis_task.o
    0x08000dec   0x000000fc   Code   RO         5043    i.ChassisMove       chassis_task.o
    0x08000ee8   0x00000038   Code   RO         5044    i.Chassis_Follow    chassis_task.o
    0x08000f20   0x0000007e   Code   RO         5443    i.Chassis_Follow_PID  pid.o
    0x08000f9e   0x00000002   PAD
    0x08000fa0   0x00000064   Code   RO         5045    i.Chassis_task      chassis_task.o
    0x08001004   0x00000140   Code   RO         4622    i.DATA_CONTINUE     ins_task.o
    0x08001144   0x00000010   Code   RO          700    i.DMA1_Stream1_IRQHandler  stm32f4xx_it.o
    0x08001154   0x00000898   Code   RO         4623    i.DMA2_Stream2_IRQHandler  ins_task.o
    0x080019ec   0x00000034   Code   RO         1577    i.DMA_CalcBaseAndBitshift  stm32f4xx_hal_dma.o
    0x08001a20   0x000000aa   Code   RO         1578    i.DMA_CheckFifoParam  stm32f4xx_hal_dma.o
    0x08001aca   0x00000002   Code   RO          701    i.DebugMon_Handler  stm32f4xx_it.o
    0x08001acc   0x0000000a   Code   RO          702    i.EXTI0_IRQHandler  stm32f4xx_it.o
    0x08001ad6   0x0000000a   Code   RO          703    i.EXTI3_IRQHandler  stm32f4xx_it.o
    0x08001ae0   0x0000000a   Code   RO          704    i.EXTI4_IRQHandler  stm32f4xx_it.o
    0x08001aea   0x0000000a   Code   RO          705    i.EXTI9_5_IRQHandler  stm32f4xx_it.o
    0x08001af4   0x00000002   Code   RO           14    i.Error_Handler     main.o
    0x08001af6   0x00000002   PAD
    0x08001af8   0x0000003c   Code   RO         5046    i.Filter_one        chassis_task.o
    0x08001b34   0x0000003c   Code   RO         5246    i.Front_control     shoot_task.o
    0x08001b70   0x0000006c   Code   RO         5173    i.GIMBAL_TASK       gimbal.o
    0x08001bdc   0x000000b8   Code   RO         4624    i.GYRO_SIX_AXIS     ins_task.o
    0x08001c94   0x000000a8   Code   RO         4625    i.GYRO_SIX_AXIS_Init  ins_task.o
    0x08001d3c   0x000000d8   Code   RO         5174    i.Gimbal_Angel_handle  gimbal.o
    0x08001e14   0x00000094   Code   RO         5175    i.Gimbal_remote     gimbal.o
    0x08001ea8   0x0000002a   Code   RO          840    i.HAL_CAN_ActivateNotification  stm32f4xx_hal_can.o
    0x08001ed2   0x00000156   Code   RO          841    i.HAL_CAN_AddTxMessage  stm32f4xx_hal_can.o
    0x08002028   0x00000124   Code   RO          842    i.HAL_CAN_ConfigFilter  stm32f4xx_hal_can.o
    0x0800214c   0x00000002   Code   RO          845    i.HAL_CAN_ErrorCallback  stm32f4xx_hal_can.o
    0x0800214e   0x0000017c   Code   RO          848    i.HAL_CAN_GetRxMessage  stm32f4xx_hal_can.o
    0x080022ca   0x0000024e   Code   RO          852    i.HAL_CAN_IRQHandler  stm32f4xx_hal_can.o
    0x08002518   0x00000174   Code   RO          853    i.HAL_CAN_Init      stm32f4xx_hal_can.o
    0x0800268c   0x00000160   Code   RO          396    i.HAL_CAN_MspInit   can.o
    0x080027ec   0x00000002   Code   RO          860    i.HAL_CAN_RxFifo0FullCallback  stm32f4xx_hal_can.o
    0x080027ee   0x00000002   PAD
    0x080027f0   0x00000338   Code   RO         4832    i.HAL_CAN_RxFifo0MsgPendingCallback  can_receive.o
    0x08002b28   0x00000002   Code   RO          862    i.HAL_CAN_RxFifo1FullCallback  stm32f4xx_hal_can.o
    0x08002b2a   0x00000002   Code   RO          863    i.HAL_CAN_RxFifo1MsgPendingCallback  stm32f4xx_hal_can.o
    0x08002b2c   0x00000002   Code   RO          864    i.HAL_CAN_SleepCallback  stm32f4xx_hal_can.o
    0x08002b2e   0x0000005e   Code   RO          865    i.HAL_CAN_Start     stm32f4xx_hal_can.o
    0x08002b8c   0x00000002   Code   RO          867    i.HAL_CAN_TxMailbox0AbortCallback  stm32f4xx_hal_can.o
    0x08002b8e   0x00000002   Code   RO          868    i.HAL_CAN_TxMailbox0CompleteCallback  stm32f4xx_hal_can.o
    0x08002b90   0x00000002   Code   RO          869    i.HAL_CAN_TxMailbox1AbortCallback  stm32f4xx_hal_can.o
    0x08002b92   0x00000002   Code   RO          870    i.HAL_CAN_TxMailbox1CompleteCallback  stm32f4xx_hal_can.o
    0x08002b94   0x00000002   Code   RO          871    i.HAL_CAN_TxMailbox2AbortCallback  stm32f4xx_hal_can.o
    0x08002b96   0x00000002   Code   RO          872    i.HAL_CAN_TxMailbox2CompleteCallback  stm32f4xx_hal_can.o
    0x08002b98   0x00000002   Code   RO          874    i.HAL_CAN_WakeUpFromRxMsgCallback  stm32f4xx_hal_can.o
    0x08002b9a   0x00000002   PAD
    0x08002b9c   0x00000240   Code   RO         1585    i.HAL_DMA_IRQHandler  stm32f4xx_hal_dma.o
    0x08002ddc   0x000000ec   Code   RO         1586    i.HAL_DMA_Init      stm32f4xx_hal_dma.o
    0x08002ec8   0x00000028   Code   RO         2004    i.HAL_Delay         stm32f4xx_hal.o
    0x08002ef0   0x000000d4   Code   RO         4626    i.HAL_GPIO_EXTI_Callback  ins_task.o
    0x08002fc4   0x0000001c   Code   RO         1472    i.HAL_GPIO_EXTI_IRQHandler  stm32f4xx_hal_gpio.o
    0x08002fe0   0x00000200   Code   RO         1473    i.HAL_GPIO_Init     stm32f4xx_hal_gpio.o
    0x080031e0   0x00000012   Code   RO         1476    i.HAL_GPIO_TogglePin  stm32f4xx_hal_gpio.o
    0x080031f2   0x0000000c   Code   RO         1477    i.HAL_GPIO_WritePin  stm32f4xx_hal_gpio.o
    0x080031fe   0x00000002   PAD
    0x08003200   0x0000000c   Code   RO         2010    i.HAL_GetTick       stm32f4xx_hal.o
    0x0800320c   0x000001b8   Code   RO         2263    i.HAL_I2C_Init      stm32f4xx_hal_i2c.o
    0x080033c4   0x000002f4   Code   RO         2281    i.HAL_I2C_Mem_Read  stm32f4xx_hal_i2c.o
    0x080036b8   0x000000c8   Code   RO          469    i.HAL_I2C_MspInit   i2c.o
    0x08003780   0x00000018   Code   RO         2016    i.HAL_IncTick       stm32f4xx_hal.o
    0x08003798   0x0000003c   Code   RO         2017    i.HAL_Init          stm32f4xx_hal.o
    0x080037d4   0x0000004c   Code   RO         2018    i.HAL_InitTick      stm32f4xx_hal.o
    0x08003820   0x00000054   Code   RO          815    i.HAL_MspInit       stm32f4xx_hal_msp.o
    0x08003874   0x00000020   Code   RO         1862    i.HAL_NVIC_EnableIRQ  stm32f4xx_hal_cortex.o
    0x08003894   0x0000007c   Code   RO         1868    i.HAL_NVIC_SetPriority  stm32f4xx_hal_cortex.o
    0x08003910   0x00000028   Code   RO         1869    i.HAL_NVIC_SetPriorityGrouping  stm32f4xx_hal_cortex.o
    0x08003938   0x00000180   Code   RO         1074    i.HAL_RCC_ClockConfig  stm32f4xx_hal_rcc.o
    0x08003ab8   0x0000000c   Code   RO         1079    i.HAL_RCC_GetHCLKFreq  stm32f4xx_hal_rcc.o
    0x08003ac4   0x00000020   Code   RO         1081    i.HAL_RCC_GetPCLK1Freq  stm32f4xx_hal_rcc.o
    0x08003ae4   0x00000020   Code   RO         1082    i.HAL_RCC_GetPCLK2Freq  stm32f4xx_hal_rcc.o
    0x08003b04   0x000000b0   Code   RO         1083    i.HAL_RCC_GetSysClockFreq  stm32f4xx_hal_rcc.o
    0x08003bb4   0x00000448   Code   RO         1086    i.HAL_RCC_OscConfig  stm32f4xx_hal_rcc.o
    0x08003ffc   0x0000008c   Code   RO         2743    i.HAL_SPI_Init      stm32f4xx_hal_spi.o
    0x08004088   0x00000158   Code   RO          511    i.HAL_SPI_MspInit   spi.o
    0x080041e0   0x0000022a   Code   RO         2752    i.HAL_SPI_TransmitReceive  stm32f4xx_hal_spi.o
    0x0800440a   0x00000034   Code   RO         1873    i.HAL_SYSTICK_Config  stm32f4xx_hal_cortex.o
    0x0800443e   0x00000002   Code   RO         3742    i.HAL_TIMEx_BreakCallback  stm32f4xx_hal_tim_ex.o
    0x08004440   0x00000002   Code   RO         3743    i.HAL_TIMEx_CommutCallback  stm32f4xx_hal_tim_ex.o
    0x08004442   0x00000054   Code   RO         3760    i.HAL_TIMEx_MasterConfigSynchronization  stm32f4xx_hal_tim_ex.o
    0x08004496   0x00000034   Code   RO         3056    i.HAL_TIM_Base_Init  stm32f4xx_hal_tim.o
    0x080044ca   0x00000002   PAD
    0x080044cc   0x0000010c   Code   RO          553    i.HAL_TIM_Base_MspInit  tim.o
    0x080045d8   0x0000002a   Code   RO         3059    i.HAL_TIM_Base_Start  stm32f4xx_hal_tim.o
    0x08004602   0x0000002a   Code   RO         3061    i.HAL_TIM_Base_Start_IT  stm32f4xx_hal_tim.o
    0x0800462c   0x00000108   Code   RO         3065    i.HAL_TIM_ConfigClockSource  stm32f4xx_hal_tim.o
    0x08004734   0x00000002   Code   RO         3085    i.HAL_TIM_IC_CaptureCallback  stm32f4xx_hal_tim.o
    0x08004736   0x00000196   Code   RO         3099    i.HAL_TIM_IRQHandler  stm32f4xx_hal_tim.o
    0x080048cc   0x000000c4   Code   RO          554    i.HAL_TIM_MspPostInit  tim.o
    0x08004990   0x00000002   Code   RO         3102    i.HAL_TIM_OC_DelayElapsedCallback  stm32f4xx_hal_tim.o
    0x08004992   0x00000108   Code   RO         3123    i.HAL_TIM_PWM_ConfigChannel  stm32f4xx_hal_tim.o
    0x08004a9a   0x00000034   Code   RO         3126    i.HAL_TIM_PWM_Init  stm32f4xx_hal_tim.o
    0x08004ace   0x00000002   Code   RO         3128    i.HAL_TIM_PWM_MspInit  stm32f4xx_hal_tim.o
    0x08004ad0   0x00000002   Code   RO         3129    i.HAL_TIM_PWM_PulseFinishedCallback  stm32f4xx_hal_tim.o
    0x08004ad2   0x00000002   PAD
    0x08004ad4   0x00000058   Code   RO         3131    i.HAL_TIM_PWM_Start  stm32f4xx_hal_tim.o
    0x08004b2c   0x00000070   Code   RO           15    i.HAL_TIM_PeriodElapsedCallback  main.o
    0x08004b9c   0x00000002   Code   RO         3142    i.HAL_TIM_TriggerCallback  stm32f4xx_hal_tim.o
    0x08004b9e   0x00000072   Code   RO         4018    i.HAL_UART_Init     stm32f4xx_hal_uart.o
    0x08004c10   0x0000022c   Code   RO          625    i.HAL_UART_MspInit  usart.o
    0x08004e3c   0x000000d6   Code   RO         4026    i.HAL_UART_Transmit  stm32f4xx_hal_uart.o
    0x08004f12   0x00000004   Code   RO          706    i.HardFault_Handler  stm32f4xx_it.o
    0x08004f16   0x0000003e   Code   RO         2306    i.I2C_IsAcknowledgeFailed  stm32f4xx_hal_i2c.o
    0x08004f54   0x00000138   Code   RO         2316    i.I2C_RequestMemoryRead  stm32f4xx_hal_i2c.o
    0x0800508c   0x00000086   Code   RO         2326    i.I2C_WaitOnFlagUntilTimeout  stm32f4xx_hal_i2c.o
    0x08005112   0x000000c4   Code   RO         2327    i.I2C_WaitOnMasterAddressFlagUntilTimeout  stm32f4xx_hal_i2c.o
    0x080051d6   0x00000080   Code   RO         2328    i.I2C_WaitOnRXNEFlagUntilTimeout  stm32f4xx_hal_i2c.o
    0x08005256   0x0000005c   Code   RO         2330    i.I2C_WaitOnTXEFlagUntilTimeout  stm32f4xx_hal_i2c.o
    0x080052b2   0x00000002   PAD
    0x080052b4   0x000000f8   Code   RO         5047    i.KM_MODE_CONTROL   chassis_task.o
    0x080053ac   0x0000009c   Code   RO         5307    i.LEVEL_CONTROL     level_control.o
    0x08005448   0x0000001c   Code   RO         5048    i.LIMIT_3508        chassis_task.o
    0x08005464   0x00000044   Code   RO          397    i.MX_CAN1_Init      can.o
    0x080054a8   0x00000044   Code   RO          398    i.MX_CAN2_Init      can.o
    0x080054ec   0x00000078   Code   RO          444    i.MX_DMA_Init       dma.o
    0x08005564   0x000001e8   Code   RO          308    i.MX_GPIO_Init      gpio.o
    0x0800574c   0x0000003c   Code   RO          470    i.MX_I2C3_Init      i2c.o
    0x08005788   0x00000048   Code   RO          512    i.MX_SPI1_Init      spi.o
    0x080057d0   0x0000006c   Code   RO          555    i.MX_TIM10_Init     tim.o
    0x0800583c   0x0000006c   Code   RO          556    i.MX_TIM2_Init      tim.o
    0x080058a8   0x00000070   Code   RO          557    i.MX_TIM3_Init      tim.o
    0x08005918   0x000000a4   Code   RO          558    i.MX_TIM4_Init      tim.o
    0x080059bc   0x0000006c   Code   RO          559    i.MX_TIM5_Init      tim.o
    0x08005a28   0x00000038   Code   RO          626    i.MX_USART1_UART_Init  usart.o
    0x08005a60   0x0000003c   Code   RO          627    i.MX_USART3_UART_Init  usart.o
    0x08005a9c   0x00000038   Code   RO          628    i.MX_USART6_UART_Init  usart.o
    0x08005ad4   0x000002fc   Code   RO         5410    i.MahonyAHRSupdateIMU  mahonyahrs.o
    0x08005dd0   0x00000004   Code   RO          707    i.MemManage_Handler  stm32f4xx_it.o
    0x08005dd4   0x00000002   Code   RO          708    i.NMI_Handler       stm32f4xx_it.o
    0x08005dd6   0x00000002   PAD
    0x08005dd8   0x00000084   Code   RO         5444    i.PID_3508_Chassis  pid.o
    0x08005e5c   0x0000007e   Code   RO         5445    i.PID_GIMBAL_ANGEL  pid.o
    0x08005eda   0x00000002   PAD
    0x08005edc   0x00000084   Code   RO         5446    i.PID_GIMBAL_SPEED  pid.o
    0x08005f60   0x0000011c   Code   RO         5176    i.PID_PITCH_GIMBAL_DUO  gimbal.o
    0x0800607c   0x00000120   Code   RO         5177    i.PID_YAW_GIMBAL_DUO  gimbal.o
    0x0800619c   0x00000060   Code   RO         5449    i.PID_init          pid.o
    0x080061fc   0x000000bc   Code   RO         5049    i.POWER_LIMIT       chassis_task.o
    0x080062b8   0x0000000e   Code   RO         5050    i.POWER_LIMIT_BEHAVE  chassis_task.o
    0x080062c6   0x00000002   PAD
    0x080062c8   0x0000009c   Code   RO         4583    i.RC_Init           bsp_rc.o
    0x08006364   0x0000008c   Code   RO         5051    i.RC_TO_CHAISS      chassis_task.o
    0x080063f0   0x0000273c   Code   RO         4552    i.SPI1_DMA_enable   bsp_spi.o
    0x08008b2c   0x00000180   Code   RO         4553    i.SPI1_DMA_init     bsp_spi.o
    0x08008cac   0x0000006c   Code   RO         2781    i.SPI_EndRxTxTransaction  stm32f4xx_hal_spi.o
    0x08008d18   0x000000a8   Code   RO         2786    i.SPI_WaitFlagStateUntilTimeout  stm32f4xx_hal_spi.o
    0x08008dc0   0x00000098   Code   RO         5247    i.Shoot_Init        shoot_task.o
    0x08008e58   0x00000098   Code   RO         5248    i.Shoot_Task        shoot_task.o
    0x08008ef0   0x00000064   Code   RO         5249    i.Shoot_caculate    shoot_task.o
    0x08008f54   0x00000016   Code   RO         5250    i.Shoot_remote_control  shoot_task.o
    0x08008f6a   0x00000014   Code   RO          709    i.SysTick_Handler   stm32f4xx_it.o
    0x08008f7e   0x00000002   PAD
    0x08008f80   0x000000b4   Code   RO           16    i.SystemClock_Config  main.o
    0x08009034   0x00000064   Code   RO         4325    i.SystemInit        system_stm32f4xx.o
    0x08009098   0x00000010   Code   RO          710    i.TIM2_IRQHandler   stm32f4xx_it.o
    0x080090a8   0x00000010   Code   RO          711    i.TIM3_IRQHandler   stm32f4xx_it.o
    0x080090b8   0x000000d8   Code   RO         3144    i.TIM_Base_SetConfig  stm32f4xx_hal_tim.o
    0x08009190   0x00000022   Code   RO         3145    i.TIM_CCxChannelCmd  stm32f4xx_hal_tim.o
    0x080091b2   0x00000016   Code   RO         3155    i.TIM_ETR_SetConfig  stm32f4xx_hal_tim.o
    0x080091c8   0x00000012   Code   RO         3156    i.TIM_ITRx_SetConfig  stm32f4xx_hal_tim.o
    0x080091da   0x00000002   PAD
    0x080091dc   0x00000070   Code   RO         3157    i.TIM_OC1_SetConfig  stm32f4xx_hal_tim.o
    0x0800924c   0x0000007c   Code   RO         3158    i.TIM_OC2_SetConfig  stm32f4xx_hal_tim.o
    0x080092c8   0x00000078   Code   RO         3159    i.TIM_OC3_SetConfig  stm32f4xx_hal_tim.o
    0x08009340   0x00000054   Code   RO         3160    i.TIM_OC4_SetConfig  stm32f4xx_hal_tim.o
    0x08009394   0x00000026   Code   RO         3162    i.TIM_TI1_ConfigInputStage  stm32f4xx_hal_tim.o
    0x080093ba   0x00000028   Code   RO         3164    i.TIM_TI2_ConfigInputStage  stm32f4xx_hal_tim.o
    0x080093e2   0x00000002   PAD
    0x080093e4   0x0000003c   Code   RO         5251    i.Trigger_control   shoot_task.o
    0x08009420   0x00000368   Code   RO         4045    i.UART_SetConfig    stm32f4xx_hal_uart.o
    0x08009788   0x0000006c   Code   RO         4047    i.UART_WaitOnFlagUntilTimeout  stm32f4xx_hal_uart.o
    0x080097f4   0x000000fc   Code   RO           17    i.USART1_IRQHandler  main.o
    0x080098f0   0x00000130   Code   RO         4969    i.USART3_IRQHandler  remote_control.o
    0x08009a20   0x00000020   Code   RO           18    i.USART6_IRQHandler  main.o
    0x08009a40   0x00000004   Code   RO          712    i.UsageFault_Handler  stm32f4xx_it.o
    0x08009a44   0x00000020   Code   RO         7596    i.__0printf         mc_w.l(printfa.o)
    0x08009a64   0x00000026   Code   RO         7636    i.__ARM_fpclassifyf  m_wm.l(fpclassifyf.o)
    0x08009a8a   0x00000002   PAD
    0x08009a8c   0x00000010   Code   RO         1875    i.__NVIC_GetPriorityGrouping  stm32f4xx_hal_cortex.o
    0x08009a9c   0x00000028   Code   RO         1876    i.__NVIC_SetPriority  stm32f4xx_hal_cortex.o
    0x08009ac4   0x0000012c   Code   RO         7312    i.__hardfp_asinf    m_wm.l(asinf.o)
    0x08009bf0   0x00000250   Code   RO         7324    i.__hardfp_atan2f   m_wm.l(atan2f.o)
    0x08009e40   0x00000006   Code   RO         7639    i.__mathlib_flt_infnan  m_wm.l(funder.o)
    0x08009e46   0x00000006   Code   RO         7640    i.__mathlib_flt_infnan2  m_wm.l(funder.o)
    0x08009e4c   0x00000010   Code   RO         7641    i.__mathlib_flt_invalid  m_wm.l(funder.o)
    0x08009e5c   0x00000010   Code   RO         7644    i.__mathlib_flt_underflow  m_wm.l(funder.o)
    0x08009e6c   0x0000000e   Code   RO         7713    i.__scatterload_copy  mc_w.l(handlers.o)
    0x08009e7a   0x00000002   Code   RO         7714    i.__scatterload_null  mc_w.l(handlers.o)
    0x08009e7c   0x0000000e   Code   RO         7715    i.__scatterload_zeroinit  mc_w.l(handlers.o)
    0x08009e8a   0x00000002   PAD
    0x08009e8c   0x0000000c   Code   RO         7689    i.__set_errno       mc_w.l(errno.o)
    0x08009e98   0x00000164   Code   RO         7603    i._fp_digits        mc_w.l(printfa.o)
    0x08009ffc   0x000006dc   Code   RO         7604    i._printf_core      mc_w.l(printfa.o)
    0x0800a6d8   0x00000024   Code   RO         7605    i._printf_post_padding  mc_w.l(printfa.o)
    0x0800a6fc   0x0000002e   Code   RO         7606    i._printf_pre_padding  mc_w.l(printfa.o)
    0x0800a72a   0x00000002   PAD
    0x0800a72c   0x00000134   Code   RO         5513    i.bmi088_accel_init  bmi088driver.o
    0x0800a860   0x00000314   Code   RO         5514    i.bmi088_accel_self_test  bmi088driver.o
    0x0800ab74   0x000000f4   Code   RO         5515    i.bmi088_gyro_init  bmi088driver.o
    0x0800ac68   0x000000d0   Code   RO         5516    i.bmi088_gyro_self_test  bmi088driver.o
    0x0800ad38   0x00000010   Code   RO         5132    i.buzzer_off        buzzer.o
    0x0800ad48   0x00000014   Code   RO         5133    i.buzzer_on         buzzer.o
    0x0800ad5c   0x00000032   Code   RO         5134    i.buzzer_start      buzzer.o
    0x0800ad8e   0x00000002   PAD
    0x0800ad90   0x0000005c   Code   RO         4833    i.can_filter_init   can_receive.o
    0x0800adec   0x00000030   Code   RO         4361    i.delay_init        bsp_delay.o
    0x0800ae1c   0x00000050   Code   RO         4363    i.delay_us          bsp_delay.o
    0x0800ae6c   0x00000124   Code   RO         4924    i.detect_hook       detect_task.o
    0x0800af90   0x00000020   Code   RO          629    i.fputc             usart.o
    0x0800afb0   0x000000dc   Code   RO         4628    i.get_angle         ins_task.o
    0x0800b08c   0x00000034   Code   RO         5178    i.gimbal_cali       gimbal.o
    0x0800b0c0   0x00000054   Code   RO         5179    i.gimbal_init       gimbal.o
    0x0800b114   0x000000d0   Code   RO         5180    i.gimbal_pid_init   gimbal.o
    0x0800b1e4   0x000001a8   Code   RO         4629    i.imu_cmd_spi_dma   ins_task.o
    0x0800b38c   0x0000003c   Code   RO         5411    i.invSqrt           mahonyahrs.o
    0x0800b3c8   0x00000024   Code   RO         5742    i.ist8310_IIC_read_muli_reg  ist8310driver_middleware.o
    0x0800b3ec   0x0000008c   Code   RO         5710    i.ist8310_read_mag  ist8310driver.o
    0x0800b478   0x00000178   Code   RO           19    i.main              main.o
    0x0800b5f0   0x00000024   Code   RO         6312    i.prvResetNextTaskUnblockTime  tasks.o
    0x0800b614   0x00000048   Code   RO         4971    i.remote_control_init  remote_control.o
    0x0800b65c   0x000000da   Code   RO         4972    i.sbus_to_rc        remote_control.o
    0x0800b736   0x0000003e   Code   RO         7654    i.sqrtf             m_wm.l(sqrtf.o)
    0x0800b774   0x00000026   Code   RO         5921    i.uxListRemove      list.o
    0x0800b79a   0x00000018   Code   RO         5925    i.vListInsertEnd    list.o
    0x0800b7b2   0x00000002   PAD
    0x0800b7b4   0x00000054   Code   RO         7242    i.vPortValidateInterruptPriority  port.o
    0x0800b808   0x000000c0   Code   RO         6329    i.vTaskNotifyGiveFromISR  tasks.o
    0x0800b8c8   0x00000060   Code   RO         6341    i.vTaskSwitchContext  tasks.o
    0x0800b928   0x0000002c   Code   RO         7244    i.xPortSysTickHandler  port.o
    0x0800b954   0x0000001c   Code   RO         6350    i.xTaskGetSchedulerState  tasks.o
    0x0800b970   0x0000000c   Code   RO         6351    i.xTaskGetTickCount  tasks.o
    0x0800b97c   0x000000d0   Code   RO         6353    i.xTaskIncrementTick  tasks.o
    0x0800ba4c   0x00000008   Data   RO         1592    .constdata          stm32f4xx_hal_dma.o
    0x0800ba54   0x00000018   Data   RO         4326    .constdata          system_stm32f4xx.o
    0x0800ba6c   0x0000000c   Data   RO         4632    .constdata          ins_task.o
    0x0800ba78   0x00000012   Data   RO         5521    .constdata          bmi088driver.o
    0x0800ba8a   0x00000002   PAD
    0x0800ba8c   0x00000020   Data   RO         7711    Region$$Table       anon$$obj.o


    Execution Region RW_IRAM1 (Base: 0x20000000, Size: 0x00002e40, Max: 0x00020000, ABSOLUTE, COMPRESSED[0x00000078])

    Base Addr    Size         Type   Attr      Idx    E Section Name        Object

    0x20000000   0x00000028   Data   RW           21    .data               main.o
    0x20000028   0x00000004   Data   RW          400    .data               can.o
    0x2000002c   0x00000009   Data   RW         2024    .data               stm32f4xx_hal.o
    0x20000035   0x00000003   PAD
    0x20000038   0x00000004   Data   RW         4327    .data               system_stm32f4xx.o
    0x2000003c   0x00000008   Data   RW         4364    .data               bsp_delay.o
    0x20000044   0x00000058   Data   RW         4633    .data               ins_task.o
    0x2000009c   0x00000011   Data   RW         4839    .data               can_receive.o
    0x200000ad   0x00000001   PAD
    0x200000ae   0x00000002   Data   RW         4976    .data               remote_control.o
    0x200000b0   0x00000048   Data   RW         5053    .data               chassis_task.o
    0x200000f8   0x00000054   Data   RW         5182    .data               gimbal.o
    0x2000014c   0x00000028   Data   RW         5253    .data               shoot_task.o
    0x20000174   0x00000014   Data   RW         5412    .data               mahonyahrs.o
    0x20000188   0x0000002c   Data   RW         5522    .data               bmi088driver.o
    0x200001b4   0x0000003c   Data   RW         6362    .data               tasks.o
    0x200001f0   0x0000000c   Data   RW         7245    .data               port.o
    0x200001fc   0x00000004   Data   RW         7678    .data               mc_w.l(stdout.o)
    0x20000200   0x00000004   Data   RW         7690    .data               mc_w.l(errno.o)
    0x20000204   0x00000074   Zero   RW           20    .bss                main.o
    0x20000278   0x00000050   Zero   RW          399    .bss                can.o
    0x200002c8   0x00000054   Zero   RW          471    .bss                i2c.o
    0x2000031c   0x00000118   Zero   RW          513    .bss                spi.o
    0x20000434   0x00000140   Zero   RW          560    .bss                tim.o
    0x20000574   0x00000120   Zero   RW          632    .bss                usart.o
    0x20000694   0x000000a4   Zero   RW         4631    .bss                ins_task.o
    0x20000738   0x000000dc   Zero   RW         4838    .bss                can_receive.o
    0x20000814   0x0000021c   Zero   RW         4929    .bss                detect_task.o
    0x20000a30   0x0000005e   Zero   RW         4975    .bss                remote_control.o
    0x20000a8e   0x00000002   PAD
    0x20000a90   0x00000108   Zero   RW         5052    .bss                chassis_task.o
    0x20000b98   0x00000108   Zero   RW         5181    .bss                gimbal.o
    0x20000ca0   0x000000b0   Zero   RW         5252    .bss                shoot_task.o
    0x20000d50   0x000000f0   Zero   RW         6361    .bss                tasks.o
    0x20000e40   0x00002000   Zero   RW            1    STACK               startup_stm32f407xx.o


==============================================================================

Image component sizes


      Code (inc. data)   RO Data    RW Data    ZI Data      Debug   Object Name

      2062         42         18         44          0       8883   bmi088driver.o
       140         28          0          0          0       5080   bmi088middleware.o
       128         20          0          8          0     602856   bsp_delay.o
       156         14          0          0          0       1043   bsp_rc.o
     10428        170          0          0          0       5714   bsp_spi.o
        86         12          0          0          0       1564   buzzer.o
       488         44          0          4         80       2522   can.o
      1228        112          0         17        220       8047   can_receive.o
      1230        158          0         72        264      38492   chassis_task.o
       292          4          0          0        540       1357   detect_task.o
       120          6          0          0          0        854   dma.o
         0          0          0          0          0      17936   event_groups.o
      1388        246          0         84        264       6560   gimbal.o
       488         28          0          0          0       1247   gpio.o
       260         30          0          0         84       1797   i2c.o
      3850        288         12         88        164      16048   ins_task.o
       140          4          0          0          0       1251   ist8310driver.o
        36          6          0          0          0       1276   ist8310driver_middleware.o
       156         22          0          0          0        652   level_control.o
        62          0          0          0          0       1792   list.o
       824         38          0         20          0       2378   mahonyahrs.o
      1002        236          0         40        116     729648   main.o
       612         12          0          0          0       4257   pid.o
       318         32          0         12          0       5363   port.o
       594         42          0          2         94       4361   remote_control.o
       546        130          0         40        176       4503   shoot_task.o
       416         38          0          0        280       2007   spi.o
        36          8        392          0       8192        860   startup_stm32f407xx.o
       212         36          0          9          0       4761   stm32f4xx_hal.o
      2136          6          0          0          0      14887   stm32f4xx_hal_can.o
       304         22          0          0          0      34651   stm32f4xx_hal_cortex.o
      1034         16          8          0          0       4032   stm32f4xx_hal_dma.o
       570         50          0          0          0       3704   stm32f4xx_hal_gpio.o
      2120         34          0          0          0       8886   stm32f4xx_hal_i2c.o
        84          6          0          0          0        890   stm32f4xx_hal_msp.o
      1732         84          0          0          0       5736   stm32f4xx_hal_rcc.o
       970          8          0          0          0       4649   stm32f4xx_hal_spi.o
      2028         90          0          0          0      17357   stm32f4xx_hal_tim.o
        88          0          0          0          0       2553   stm32f4xx_hal_tim_ex.o
      1308          8          0          0          0       3840   stm32f4xx_hal_uart.o
       160         30          0          0          0       8071   stm32f4xx_it.o
       100         18         24          4          0       1239   system_stm32f4xx.o
       572         48          0         60        240       9415   tasks.o
      1064         90          0          0        320       5458   tim.o
       760         80          0          0        288       4520   usart.o

    ----------------------------------------------------------------------
     42370       2396        488        508      11324    1612997   Object Totals
         0          0         32          0          0          0   (incl. Generated)
        42          0          2          4          2          0   (incl. Padding)

    ----------------------------------------------------------------------

      Code (inc. data)   RO Data    RW Data    ZI Data      Debug   Library Member Name

       300         42          0          0          0        176   asinf.o
       592         90          0          0          0        184   atan2f.o
        38          0          0          0          0        116   fpclassifyf.o
        44         12          0          0          0        464   funder.o
        62          0          0          0          0        136   sqrtf.o
        86          0          0          0          0          0   __dczerorl2.o
         0          0          0          0          0          0   entry.o
         0          0          0          0          0          0   entry10a.o
         0          0          0          0          0          0   entry11a.o
         8          4          0          0          0          0   entry2.o
         4          0          0          0          0          0   entry5.o
         0          0          0          0          0          0   entry7b.o
         0          0          0          0          0          0   entry8b.o
         8          4          0          0          0          0   entry9a.o
        12          6          0          4          0         68   errno.o
        30          0          0          0          0          0   handlers.o
        36          8          0          0          0         68   init.o
         0          0          0          0          0          0   iusefp.o
        30          0          0          0          0         68   llshl.o
        36          0          0          0          0         68   llsshr.o
        32          0          0          0          0         68   llushr.o
        36          0          0          0          0         68   memcpya.o
        36          0          0          0          0        108   memseta.o
      2226         90          0          0          0        444   printfa.o
         0          0          0          4          0          0   stdout.o
        44          0          0          0          0         80   uidiv.o
        98          0          0          0          0         92   uldiv.o
        48          0          0          0          0         68   cdrcmple.o
       334          0          0          0          0        148   dadd.o
       222          0          0          0          0        100   ddiv.o
       186          0          0          0          0        176   depilogue.o
        62          0          0          0          0         80   dfixi.o
        48          0          0          0          0         68   dfixul.o
        34          0          0          0          0         76   dflti.o
       228          0          0          0          0         96   dmul.o

    ----------------------------------------------------------------------
      4930        256          0          8          0       3020   Library Totals
        10          0          0          0          0          0   (incl. Padding)

    ----------------------------------------------------------------------

      Code (inc. data)   RO Data    RW Data    ZI Data      Debug   Library Name

      1036        144          0          0          0       1076   m_wm.l
      2722        112          0          8          0       1132   mc_w.l
      1162          0          0          0          0        812   mf_w.l

    ----------------------------------------------------------------------
      4930        256          0          8          0       3020   Library Totals

    ----------------------------------------------------------------------

==============================================================================


      Code (inc. data)   RO Data    RW Data    ZI Data      Debug   

     47300       2652        488        516      11324    1593813   Grand Totals
     47300       2652        488        120      11324    1593813   ELF Image Totals (compressed)
     47300       2652        488        120          0          0   ROM Totals

==============================================================================

    Total RO  Size (Code + RO Data)                47788 (  46.67kB)
    Total RW  Size (RW Data + ZI Data)             11840 (  11.56kB)
    Total ROM Size (Code + RO Data + RW Data)      47908 (  46.79kB)

==============================================================================

